Component: ARM Compiler 5.06 update 5 (build 528) Tool: armlink [4d35e2]

==============================================================================

Section Cross References

    startup_stm32f10x_md.o(STACK) refers (Special) to heapauxi.o(.text) for __use_two_region_memory
    startup_stm32f10x_md.o(HEAP) refers (Special) to heapauxi.o(.text) for __use_two_region_memory
    startup_stm32f10x_md.o(RESET) refers (Special) to heapauxi.o(.text) for __use_two_region_memory
    startup_stm32f10x_md.o(RESET) refers to startup_stm32f10x_md.o(STACK) for __initial_sp
    startup_stm32f10x_md.o(RESET) refers to startup_stm32f10x_md.o(.text) for Reset_Handler
    startup_stm32f10x_md.o(RESET) refers to stm32f10x_it.o(i.NMI_Handler) for NMI_Handler
    startup_stm32f10x_md.o(RESET) refers to stm32f10x_it.o(i.HardFault_Handler) for HardFault_Handler
    startup_stm32f10x_md.o(RESET) refers to stm32f10x_it.o(i.MemManage_Handler) for MemManage_Handler
    startup_stm32f10x_md.o(RESET) refers to stm32f10x_it.o(i.BusFault_Handler) for BusFault_Handler
    startup_stm32f10x_md.o(RESET) refers to stm32f10x_it.o(i.UsageFault_Handler) for UsageFault_Handler
    startup_stm32f10x_md.o(RESET) refers to stm32f10x_it.o(i.SVC_Handler) for SVC_Handler
    startup_stm32f10x_md.o(RESET) refers to stm32f10x_it.o(i.DebugMon_Handler) for DebugMon_Handler
    startup_stm32f10x_md.o(RESET) refers to stm32f10x_it.o(i.PendSV_Handler) for PendSV_Handler
    startup_stm32f10x_md.o(RESET) refers to stm32f10x_it.o(i.SysTick_Handler) for SysTick_Handler
    startup_stm32f10x_md.o(RESET) refers to llcc68stm32f103-board.o(i.TIM3_IRQHandler) for TIM3_IRQHandler
    startup_stm32f10x_md.o(RESET) refers to hal_uart.o(i.USART2_IRQHandler) for USART2_IRQHandler
    startup_stm32f10x_md.o(RESET) refers to llcc68stm32f103-board.o(i.EXTI15_10_IRQHandler) for EXTI15_10_IRQHandler
    startup_stm32f10x_md.o(.text) refers (Special) to heapauxi.o(.text) for __use_two_region_memory
    startup_stm32f10x_md.o(.text) refers to system_stm32f10x.o(i.SystemInit) for SystemInit
    startup_stm32f10x_md.o(.text) refers to __main.o(!!!main) for __main
    startup_stm32f10x_md.o(.text) refers to startup_stm32f10x_md.o(HEAP) for Heap_Mem
    startup_stm32f10x_md.o(.text) refers to startup_stm32f10x_md.o(STACK) for Stack_Mem
    system_stm32f10x.o(i.SetSysClock) refers to system_stm32f10x.o(i.SetSysClockTo72) for SetSysClockTo72
    system_stm32f10x.o(i.SystemCoreClockUpdate) refers to system_stm32f10x.o(.data) for SystemCoreClock
    system_stm32f10x.o(i.SystemInit) refers to system_stm32f10x.o(i.SetSysClock) for SetSysClock
    stm32f10x_adc.o(i.ADC_DeInit) refers to stm32f10x_rcc.o(i.RCC_APB2PeriphResetCmd) for RCC_APB2PeriphResetCmd
    stm32f10x_bkp.o(i.BKP_DeInit) refers to stm32f10x_rcc.o(i.RCC_BackupResetCmd) for RCC_BackupResetCmd
    stm32f10x_can.o(i.CAN_DeInit) refers to stm32f10x_rcc.o(i.RCC_APB1PeriphResetCmd) for RCC_APB1PeriphResetCmd
    stm32f10x_can.o(i.CAN_GetITStatus) refers to stm32f10x_can.o(i.CheckITStatus) for CheckITStatus
    stm32f10x_cec.o(i.CEC_DeInit) refers to stm32f10x_rcc.o(i.RCC_APB1PeriphResetCmd) for RCC_APB1PeriphResetCmd
    stm32f10x_dac.o(i.DAC_DeInit) refers to stm32f10x_rcc.o(i.RCC_APB1PeriphResetCmd) for RCC_APB1PeriphResetCmd
    stm32f10x_flash.o(i.FLASH_EnableWriteProtection) refers to stm32f10x_flash.o(i.FLASH_WaitForLastOperation) for FLASH_WaitForLastOperation
    stm32f10x_flash.o(i.FLASH_EraseAllBank1Pages) refers to stm32f10x_flash.o(i.FLASH_WaitForLastBank1Operation) for FLASH_WaitForLastBank1Operation
    stm32f10x_flash.o(i.FLASH_EraseAllPages) refers to stm32f10x_flash.o(i.FLASH_WaitForLastOperation) for FLASH_WaitForLastOperation
    stm32f10x_flash.o(i.FLASH_EraseOptionBytes) refers to stm32f10x_flash.o(i.FLASH_GetReadOutProtectionStatus) for FLASH_GetReadOutProtectionStatus
    stm32f10x_flash.o(i.FLASH_EraseOptionBytes) refers to stm32f10x_flash.o(i.FLASH_WaitForLastOperation) for FLASH_WaitForLastOperation
    stm32f10x_flash.o(i.FLASH_ErasePage) refers to stm32f10x_flash.o(i.FLASH_WaitForLastOperation) for FLASH_WaitForLastOperation
    stm32f10x_flash.o(i.FLASH_ProgramHalfWord) refers to stm32f10x_flash.o(i.FLASH_WaitForLastOperation) for FLASH_WaitForLastOperation
    stm32f10x_flash.o(i.FLASH_ProgramOptionByteData) refers to stm32f10x_flash.o(i.FLASH_WaitForLastOperation) for FLASH_WaitForLastOperation
    stm32f10x_flash.o(i.FLASH_ProgramWord) refers to stm32f10x_flash.o(i.FLASH_WaitForLastOperation) for FLASH_WaitForLastOperation
    stm32f10x_flash.o(i.FLASH_ReadOutProtection) refers to stm32f10x_flash.o(i.FLASH_WaitForLastOperation) for FLASH_WaitForLastOperation
    stm32f10x_flash.o(i.FLASH_UserOptionByteConfig) refers to stm32f10x_flash.o(i.FLASH_WaitForLastOperation) for FLASH_WaitForLastOperation
    stm32f10x_flash.o(i.FLASH_WaitForLastBank1Operation) refers to stm32f10x_flash.o(i.FLASH_GetBank1Status) for FLASH_GetBank1Status
[...]
    i.LLCC68IoIrqInit                        0x080011e4   Section        0  llcc68stm32f103-board.o(i.LLCC68IoIrqInit)
    i.LLCC68IoRfSwitchInit                   0x08001270   Section        0  radio.o(i.LLCC68IoRfSwitchInit)
    i.LLCC68IoTcxoInit                       0x0800127a   Section        0  radio.o(i.LLCC68IoTcxoInit)
    i.LLCC68OnRxDone                         0x0800127c   Section        0  main.o(i.LLCC68OnRxDone)
    LLCC68OnRxDone                           0x0800127d   Thumb Code   138  main.o(i.LLCC68OnRxDone)
    i.LLCC68OnRxError                        0x08001330   Section        0  main.o(i.LLCC68OnRxError)
    LLCC68OnRxError                          0x08001331   Thumb Code    20  main.o(i.LLCC68OnRxError)
    i.LLCC68OnRxTimeout                      0x08001348   Section        0  main.o(i.LLCC68OnRxTimeout)
    LLCC68OnRxTimeout                        0x08001349   Thumb Code    20  main.o(i.LLCC68OnRxTimeout)
    i.LLCC68OnTxDone                         0x08001360   Section        0  main.o(i.LLCC68OnTxDone)
    LLCC68OnTxDone                           0x08001361   Thumb Code    14  main.o(i.LLCC68OnTxDone)
    i.LLCC68OnTxTimeout                      0x08001374   Section        0  main.o(i.LLCC68OnTxTimeout)
    LLCC68OnTxTimeout                        0x08001375   Thumb Code     2  main.o(i.LLCC68OnTxTimeout)
    i.LLCC68ReadBuffer                       0x08001376   Section        0  radio.o(i.LLCC68ReadBuffer)
    i.LLCC68ReadCommand                      0x080013c0   Section        0  radio.o(i.LLCC68ReadCommand)
    i.LLCC68ReadRegister                     0x0800140c   Section        0  radio.o(i.LLCC68ReadRegister)
    i.LLCC68ReadRegisters                    0x08001420   Section        0  radio.o(i.LLCC68ReadRegisters)
    i.LLCC68Reset                            0x08001470   Section        0  llcc68stm32f103-board.o(i.LLCC68Reset)
    i.LLCC68RxTimerStart                     0x080014c4   Section        0  llcc68stm32f103-board.o(i.LLCC68RxTimerStart)
    i.LLCC68RxTimerStop                      0x080014dc   Section        0  llcc68stm32f103-board.o(i.LLCC68RxTimerStop)
    i.LLCC68SendPayload                      0x080014e8   Section        0  llcc68.o(i.LLCC68SendPayload)
    i.LLCC68SetBufferBaseAddress             0x08001500   Section        0  llcc68.o(i.LLCC68SetBufferBaseAddress)
    i.LLCC68SetCad                           0x0800151a   Section        0  llcc68.o(i.LLCC68SetCad)
    i.LLCC68SetCrcPolynomial                 0x0800152e   Section        0  llcc68.o(i.LLCC68SetCrcPolynomial)
    i.LLCC68SetCrcSeed                       0x08001558   Section        0  llcc68.o(i.LLCC68SetCrcSeed)
    i.LLCC68SetDio2AsRfSwitchCtrl            0x08001582   Section        0  llcc68.o(i.LLCC68SetDio2AsRfSwitchCtrl)
    i.LLCC68SetDioIrqParams                  0x08001590   Section        0  llcc68.o(i.LLCC68SetDioIrqParams)
    i.LLCC68SetLoRaSymbNumTimeout            0x080015da   Section        0  llcc68.o(i.LLCC68SetLoRaSymbNumTimeout)
    i.LLCC68SetModulationParams              0x08001630   Section        0  llcc68.o(i.LLCC68SetModulationParams)
    i.LLCC68SetNss                           0x080016e0   Section        0  llcc68stm32f103-board.o(i.LLCC68SetNss)
    i.LLCC68SetOperatingMode                 0x08001700   Section        0  radio.o(i.LLCC68SetOperatingMode)
    i.LLCC68SetPaConfig                      0x0800170c   Section        0  llcc68.o(i.LLCC68SetPaConfig)
    i.LLCC68SetPacketParams                  0x08001734   Section        0  llcc68.o(i.LLCC68SetPacketParams)
    i.LLCC68SetPacketType                    0x0800181c   Section        0  llcc68.o(i.LLCC68SetPacketType)
    i.LLCC68SetPayload                       0x08001838   Section        0  llcc68.o(i.LLCC68SetPayload)
    i.LLCC68SetRegulatorMode                 0x0800184a   Section        0  llcc68.o(i.LLCC68SetRegulatorMode)
    i.LLCC68SetRfFrequency                   0x08001858   Section        0  llcc68.o(i.LLCC68SetRfFrequency)
    i.LLCC68SetRfTxPower                     0x080018a0   Section        0  radio.o(i.LLCC68SetRfTxPower)
    i.LLCC68SetRx                            0x080018ae   Section        0  llcc68.o(i.LLCC68SetRx)
    i.LLCC68SetRxBoosted                     0x080018d6   Section        0  llcc68.o(i.LLCC68SetRxBoosted)
    i.LLCC68SetRxDutyCycle                   0x08001908   Section        0  llcc68.o(i.LLCC68SetRxDutyCycle)
    i.LLCC68SetRxTimerValue                  0x08001944   Section        0  llcc68stm32f103-board.o(i.LLCC68SetRxTimerValue)
    i.LLCC68SetSleep                         0x08001950   Section        0  llcc68.o(i.LLCC68SetSleep)
    i.LLCC68SetStandby                       0x08001990   Section        0  llcc68.o(i.LLCC68SetStandby)
    i.LLCC68SetStopRxTimerOnPreambleDetect   0x080019b2   Section        0  llcc68.o(i.LLCC68SetStopRxTimerOnPreambleDetect)
    i.LLCC68SetSyncWord                      0x080019c0   Section        0  llcc68.o(i.LLCC68SetSyncWord)
    i.LLCC68SetTx                            0x080019d4   Section        0  llcc68.o(i.LLCC68SetTx)
    i.LLCC68SetTxContinuousWave              0x080019fc   Section        0  llcc68.o(i.LLCC68SetTxContinuousWave)
    i.LLCC68SetTxParams                      0x08001a10   Section        0  llcc68.o(i.LLCC68SetTxParams)
    i.LLCC68SetTxTimerValue                  0x08001a9c   Section        0  llcc68stm32f103-board.o(i.LLCC68SetTxTimerValue)
    i.LLCC68SetWhiteningSeed                 0x08001aa8   Section        0  llcc68.o(i.LLCC68SetWhiteningSeed)
    i.LLCC68SpiInOut                         0x08001ae2   Section        0  llcc68stm32f103-board.o(i.LLCC68SpiInOut)
    i.LLCC68TimerInit                        0x08001af0   Section        0  llcc68stm32f103-board.o(i.LLCC68TimerInit)
    i.LLCC68TxTimerStart                     0x08001b78   Section        0  llcc68stm32f103-board.o(i.LLCC68TxTimerStart)
    i.LLCC68TxTimerStop                      0x08001b90   Section        0  llcc68stm32f103-board.o(i.LLCC68TxTimerStop)
    i.LLCC68WaitOnBusy                       0x08001b9c   Section        0  llcc68stm32f103-board.o(i.LLCC68WaitOnBusy)
    i.LLCC68Wakeup                           0x08001bc8   Section        0  radio.o(i.LLCC68Wakeup)
    i.LLCC68WriteBuffer                      0x08001bee   Section        0  radio.o(i.LLCC68WriteBuffer)
    i.LLCC68WriteCommand                     0x08001c30   Section        0  radio.o(i.LLCC68WriteCommand)
    i.LLCC68WriteRegister                    0x08001c70   Section        0  radio.o(i.LLCC68WriteRegister)
    i.LLCC68WriteRegisters                   0x08001c80   Section        0  radio.o(i.LLCC68WriteRegisters)
    i.Loading_LED                            0x08001cc8   Section        0  led.o(i.Loading_LED)
    i.MemManage_Handler                      0x08001d8c   Section        0  stm32f10x_it.o(i.MemManage_Handler)
    i.NMI_Handler                            0x08001d90   Section        0  stm32f10x_it.o(i.NMI_Handler)
    i.NVIC_Init                              0x08001d94   Section        0  misc.o(i.NVIC_Init)
    i.OLED_Clear                             0x08001e04   Section        0  oled.o(i.OLED_Clear)
    i.OLED_I2C_Init                          0x08001e30   Section        0  oled.o(i.OLED_I2C_Init)
    i.OLED_I2C_SendByte                      0x08001e7c   Section        0  oled.o(i.OLED_I2C_SendByte)
    i.OLED_I2C_Start                         0x08001ecc   Section        0  oled.o(i.OLED_I2C_Start)
    i.OLED_I2C_Stop                          0x08001efc   Section        0  oled.o(i.OLED_I2C_Stop)
    i.OLED_Init                              0x08001f24   Section        0  oled.o(i.OLED_Init)
    i.OLED_SetCursor                         0x08001fd2   Section        0  oled.o(i.OLED_SetCursor)
    i.OLED_ShowChar                          0x08001ff4   Section        0  oled.o(i.OLED_ShowChar)
    i.OLED_ShowString                        0x08002068   Section        0  oled.o(i.OLED_ShowString)
    i.OLED_WriteCommand                      0x08002090   Section        0  oled.o(i.OLED_WriteCommand)
    i.OLED_WriteData                         0x080020b0   Section        0  oled.o(i.OLED_WriteData)
    i.PendSV_Handler                         0x080020d0   Section        0  stm32f10x_it.o(i.PendSV_Handler)
    i.RCC_APB1PeriphClockCmd                 0x080020d4   Section        0  stm32f10x_rcc.o(i.RCC_APB1PeriphClockCmd)
    i.RCC_APB2PeriphClockCmd                 0x080020f4   Section        0  stm32f10x_rcc.o(i.RCC_APB2PeriphClockCmd)
    i.RadioCheckRfFrequency                  0x08002114   Section        0  radio.o(i.RadioCheckRfFrequency)
    i.RadioGetFskBandwidthRegValue           0x0800211c   Section        0  radio.o(i.RadioGetFskBandwidthRegValue)
    RadioGetFskBandwidthRegValue             0x0800211d   Thumb Code    56  radio.o(i.RadioGetFskBandwidthRegValue)
    i.RadioGetGfskTimeOnAirNumerator         0x08002158   Section        0  radio.o(i.RadioGetGfskTimeOnAirNumerator)
    RadioGetGfskTimeOnAirNumerator           0x08002159   Thumb Code    54  radio.o(i.RadioGetGfskTimeOnAirNumerator)
    i.RadioGetLoRaBandwidthInHz              0x08002190   Section        0  radio.o(i.RadioGetLoRaBandwidthInHz)
    RadioGetLoRaBandwidthInHz                0x08002191   Thumb Code    82  radio.o(i.RadioGetLoRaBandwidthInHz)
    i.RadioGetLoRaTimeOnAirNumerator         0x080021f0   Section        0  radio.o(i.RadioGetLoRaTimeOnAirNumerator)
    RadioGetLoRaTimeOnAirNumerator           0x080021f1   Thumb Code   178  radio.o(i.RadioGetLoRaTimeOnAirNumerator)
    i.RadioGetStatus                         0x080022a2   Section        0  radio.o(i.RadioGetStatus)
    i.RadioGetWakeupTime                     0x080022c6   Section        0  radio.o(i.RadioGetWakeupTime)
    i.RadioInit                              0x080022d0   Section        0  radio.o(i.RadioInit)
    i.RadioIrqProcess                        0x08002324   Section        0  radio.o(i.RadioIrqProcess)
    i.RadioIsChannelFree                     0x080024d4   Section        0  radio.o(i.RadioIsChannelFree)
    i.RadioOnDioIrq                          0x0800255c   Section        0  radio.o(i.RadioOnDioIrq)
    i.RadioOnRxTimeoutIrq                    0x08002568   Section        0  radio.o(i.RadioOnRxTimeoutIrq)
    i.RadioOnTxTimeoutIrq                    0x08002588   Section        0  radio.o(i.RadioOnTxTimeoutIrq)
    i.RadioRandom                            0x080025a8   Section        0  radio.o(i.RadioRandom)
    i.RadioRead                              0x080025c8   Section        0  radio.o(i.RadioRead)
    i.RadioReadBuffer                        0x080025d4   Section        0  radio.o(i.RadioReadBuffer)
    i.RadioRssi                              0x080025e8   Section        0  radio.o(i.RadioRssi)
    i.RadioRx                                0x080025f4   Section        0  radio.o(i.RadioRx)
    i.RadioRxBoosted                         0x08002638   Section        0  radio.o(i.RadioRxBoosted)
    i.RadioSend                              0x0800267c   Section        0  radio.o(i.RadioSend)
    i.RadioSetChannel                        0x080026c8   Section        0  radio.o(i.RadioSetChannel)
    i.RadioSetMaxPayloadLength               0x080026d4   Section        0  radio.o(i.RadioSetMaxPayloadLength)
    i.RadioSetModem                          0x0800270c   Section        0  radio.o(i.RadioSetModem)
    i.RadioSetPublicNetwork                  0x08002750   Section        0  radio.o(i.RadioSetPublicNetwork)
    i.RadioSetRxConfig                       0x08002794   Section        0  radio.o(i.RadioSetRxConfig)
    i.RadioSetRxDutyCycle                    0x080029b0   Section        0  radio.o(i.RadioSetRxDutyCycle)
    i.RadioSetTxConfig                       0x080029c0   Section        0  radio.o(i.RadioSetTxConfig)
    i.RadioSetTxContinuousWave               0x08002b94   Section        0  radio.o(i.RadioSetTxContinuousWave)
    i.RadioSleep                             0x08002bc4   Section        0  radio.o(i.RadioSleep)
    i.RadioStandby                           0x08002be4   Section        0  radio.o(i.RadioStandby)
    i.RadioStartCad                          0x08002bee   Section        0  radio.o(i.RadioStartCad)
    i.RadioTimeOnAir                         0x08002c04   Section        0  radio.o(i.RadioTimeOnAir)
    i.RadioWrite                             0x08002c80   Section        0  radio.o(i.RadioWrite)
    i.RadioWriteBuffer                       0x08002c90   Section        0  radio.o(i.RadioWriteBuffer)
    i.Receiving_LED                          0x08002ca4   Section        0  led.o(i.Receiving_LED)
    i.SPI_Cmd                                0x08002d68   Section        0  stm32f10x_spi.o(i.SPI_Cmd)
    i.SPI_I2S_GetFlagStatus                  0x08002d80   Section        0  stm32f10x_spi.o(i.SPI_I2S_GetFlagStatus)
    i.SPI_I2S_ReceiveData                    0x08002d92   Section        0  stm32f10x_spi.o(i.SPI_I2S_ReceiveData)
    i.SPI_I2S_SendData                       0x08002d98   Section        0  stm32f10x_spi.o(i.SPI_I2S_SendData)
    i.SPI_Init                               0x08002d9c   Section        0  stm32f10x_spi.o(i.SPI_Init)
    i.SVC_Handler                            0x08002dd8   Section        0  stm32f10x_it.o(i.SVC_Handler)
    i.Sending_LED                            0x08002ddc   Section        0  led.o(i.Sending_LED)
    i.SetSysClock                            0x08002ea0   Section        0  system_stm32f10x.o(i.SetSysClock)
    SetSysClock                              0x08002ea1   Thumb Code     8  system_stm32f10x.o(i.SetSysClock)
    i.SetSysClockTo72                        0x08002ea8   Section        0  system_stm32f10x.o(i.SetSysClockTo72)
    SetSysClockTo72                          0x08002ea9   Thumb Code   214  system_stm32f10x.o(i.SetSysClockTo72)
    i.Spi1Init                               0x08002f88   Section        0  hal_spi.o(i.Spi1Init)
    i.SysTick_Config                         0x08003034   Section        0  delay.o(i.SysTick_Config)
    SysTick_Config                           0x08003035   Thumb Code    76  delay.o(i.SysTick_Config)
    i.SysTick_Handler                        0x08003088   Section        0  stm32f10x_it.o(i.SysTick_Handler)
    i.SystemInit                             0x0800308c   Section        0  system_stm32f10x.o(i.SystemInit)
    i.TIM3_IRQHandler                        0x080030ec   Section        0  llcc68stm32f103-board.o(i.TIM3_IRQHandler)
    i.TIM_ClearITPendingBit                  0x080031ac   Section        0  stm32f10x_tim.o(i.TIM_ClearITPendingBit)
    i.TIM_Cmd                                0x080031b2   Section        0  stm32f10x_tim.o(i.TIM_Cmd)
    i.TIM_GetITStatus                        0x080031ca   Section        0  stm32f10x_tim.o(i.TIM_GetITStatus)
    i.TIM_ITConfig                           0x080031ec   Section        0  stm32f10x_tim.o(i.TIM_ITConfig)
    i.TIM_TimeBaseInit                       0x08003200   Section        0  stm32f10x_tim.o(i.TIM_TimeBaseInit)
    i.Testing_LED_Init                       0x080032a4   Section        0  led.o(i.Testing_LED_Init)
    i.USART2_IRQHandler                      0x080032e0   Section        0  hal_uart.o(i.USART2_IRQHandler)
    i.USART_ClearFlag                        0x0800330c   Section        0  stm32f10x_usart.o(i.USART_ClearFlag)
    i.USART_GetFlagStatus                    0x0800331e   Section        0  stm32f10x_usart.o(i.USART_GetFlagStatus)
    i.USART_ReceiveData                      0x08003338   Section        0  stm32f10x_usart.o(i.USART_ReceiveData)
    i.USART_SendData                         0x08003342   Section        0  stm32f10x_usart.o(i.USART_SendData)
    i.UsageFault_Handler                     0x0800334a   Section        0  stm32f10x_it.o(i.UsageFault_Handler)
    i._sys_exit                              0x0800334e   Section        0  hal_uart.o(i._sys_exit)
    i.delay_ms                               0x08003354   Section        0  delay.o(i.delay_ms)
    i.delay_s                                0x0800339c   Section        0  delay.o(i.delay_s)
    i.delay_us                               0x080033b4   Section        0  delay.o(i.delay_us)
    i.main                                   0x080033fc   Section        0  main.o(i.main)
    .constdata                               0x0800356c   Section     1520  oled.o(.constdata)
    .constdata                               0x08003b5c   Section      287  radio.o(.constdata)
    .data                                    0x20000000   Section       20  system_stm32f10x.o(.data)
    .data                                    0x20000014   Section        6  main.o(.data)
    .data                                    0x2000001c   Section       21  radio.o(.data)
    RadioPublicNetwork                       0x2000002a   Data           2  radio.o(.data)
    RadioEvents                              0x2000002c   Data           4  radio.o(.data)
    OperatingMode                            0x20000030   Data           1  radio.o(.data)
    .data                                    0x20000034   Section        9  llcc68.o(.data)
    PacketType                               0x20000034   Data           1  llcc68.o(.data)
    LoRaHeaderType                           0x20000035   Data           1  llcc68.o(.data)
    ImageCalibrated                          0x2000003c   Data           1  llcc68.o(.data)
    .data                                    0x20000040   Section        8  llcc68stm32f103-board.o(.data)
    dio1IrqCallback                          0x20000040   Data           4  llcc68stm32f103-board.o(.data)
    timer_count                              0x20000044   Data           4  llcc68stm32f103-board.o(.data)
    .bss                                     0x20000048   Section      108  main.o(.bss)
    LLCC68RadioEvents                        0x20000090   Data          36  main.o(.bss)
    .bss                                     0x200000b4   Section      336  radio.o(.bss)
    .bss                                     0x20000204   Section       24  llcc68stm32f103-board.o(.bss)
    txTimerHandle                            0x20000204   Data          12  llcc68stm32f103-board.o(.bss)
    rxTimerHandle                            0x20000210   Data          12  llcc68stm32f103-board.o(.bss)
    .bss                                     0x2000021c   Section       96  libspace.o(.bss)
    HEAP                                     0x20000280   Section      512  startup_stm32f10x_md.o(HEAP)
    Heap_Mem                                 0x20000280   Data         512  startup_stm32f10x_md.o(HEAP)
    STACK                                    0x20000480   Section     1024  startup_stm32f10x_md.o(STACK)
    Stack_Mem                                0x20000480   Data        1024  startup_stm32f10x_md.o(STACK)
    __initial_sp                             0x20000880   Data           0  startup_stm32f10x_md.o(STACK)

    Global Symbols

    Symbol Name                              Value     Ov Type        Size  Object(Section)

    BuildAttributes$$THM_ISAv4$P$D$K$B$S$PE$A:L22UL41UL21$X:L11$S22US41US21$IEEE1$IW$USESV6$~STKCKD$USESV7$~SHL$OSPACE$ROPI$EBA8$UX$STANDARDLIB$REQ8$PRES8$EABIv2 0x00000000   Number         0  anon$$obj.o ABSOLUTE
    __ARM_use_no_argv                        0x00000000   Number         0  main.o ABSOLUTE
    __ARM_exceptions_init                     - Undefined Weak Reference
    __alloca_initialize                       - Undefined Weak Reference
    __arm_preinit_                            - Undefined Weak Reference
    __cpp_initialize__aeabi_                  - Undefined Weak Reference
    __cxa_finalize                            - Undefined Weak Reference
    __rt_locale                               - Undefined Weak Reference
    __sigvec_lookup                           - Undefined Weak Reference
    _atexit_init                              - Undefined Weak Reference
    _call_atexit_fns                          - Undefined Weak Reference
    _clock_init                               - Undefined Weak Reference
    _fp_trap_init                             - Undefined Weak Reference
    _fp_trap_shutdown                         - Undefined Weak Reference
    _get_lc_collate                           - Undefined Weak Reference
    _get_lc_ctype                             - Undefined Weak Reference
    _get_lc_monetary                          - Undefined Weak Reference
    _get_lc_numeric                           - Undefined Weak Reference
    _get_lc_time                              - Undefined Weak Reference
    _getenv_init                              - Undefined Weak Reference
    _handle_redirection                       - Undefined Weak Reference
    _init_alloc                               - Undefined Weak Reference
    _init_user_alloc                          - Undefined Weak Reference
    _initio                                   - Undefined Weak Reference
    _printf_mbtowc                            - Undefined Weak Reference
    _printf_post_padding                      - Undefined Weak Reference
    _printf_pre_padding                       - Undefined Weak Reference
    _printf_truncate_signed                   - Undefined Weak Reference
    _printf_truncate_unsigned                 - Undefined Weak Reference
    _rand_init                                - Undefined Weak Reference
    _signal_finish                            - Undefined Weak Reference
    _signal_init                              - Undefined Weak Reference
    _terminate_alloc                          - Undefined Weak Reference
    _terminate_user_alloc                     - Undefined Weak Reference
    _terminateio                              - Undefined Weak Reference
    __Vectors_Size                           0x000000ec   Number         0  startup_stm32f10x_md.o ABSOLUTE
    __Vectors                                0x08000000   Data           4  startup_stm32f10x_md.o(RESET)
    __Vectors_End                            0x080000ec   Data           0  startup_stm32f10x_md.o(RESET)
    __main                                   0x080000ed   Thumb Code     8  __main.o(!!!main)
    __scatterload                            0x080000f5   Thumb Code     0  __scatter.o(!!!scatter)
    __scatterload_rt2                        0x080000f5   Thumb Code    44  __scatter.o(!!!scatter)
    __scatterload_rt2_thumb_only             0x080000f5   Thumb Code     0  __scatter.o(!!!scatter)
    __scatterload_null                       0x08000103   Thumb Code     0  __scatter.o(!!!scatter)
    __scatterload_copy                       0x08000129   Thumb Code    26  __scatter_copy.o(!!handler_copy)
    __scatterload_zeroinit                   0x08000145   Thumb Code    28  __scatter_zi.o(!!handler_zi)
    _printf_d                                0x08000161   Thumb Code     0  _printf_d.o(.ARM.Collect$$_printf_percent$$00000009)
    _printf_percent                          0x08000161   Thumb Code     0  _printf_percent.o(.ARM.Collect$$_printf_percent$$00000000)
    _printf_s                                0x08000167   Thumb Code     0  _printf_s.o(.ARM.Collect$$_printf_percent$$00000014)
    _printf_percent_end                      0x0800016d   Thumb Code     0  _printf_percent_end.o(.ARM.Collect$$_printf_percent$$00000017)
    __rt_lib_init                            0x08000171   Thumb Code     0  libinit.o(.ARM.Collect$$libinit$$00000000)
    __rt_lib_init_alloca_1                   0x08000173   Thumb Code     0  libinit2.o(.ARM.Collect$$libinit$$0000002E)
    __rt_lib_init_argv_1                     0x08000173   Thumb Code     0  libinit2.o(.ARM.Collect$$libinit$$0000002C)
    __rt_lib_init_atexit_1                   0x08000173   Thumb Code     0  libinit2.o(.ARM.Collect$$libinit$$0000001B)
    __rt_lib_init_clock_1                    0x08000173   Thumb Code     0  libinit2.o(.ARM.Collect$$libinit$$00000021)
    __rt_lib_init_cpp_1                      0x08000173   Thumb Code     0  libinit2.o(.ARM.Collect$$libinit$$00000032)
    __rt_lib_init_exceptions_1               0x08000173   Thumb Code     0  libinit2.o(.ARM.Collect$$libinit$$00000030)
    __rt_lib_init_fp_1                       0x08000173   Thumb Code     0  libinit2.o(.ARM.Collect$$libinit$$00000002)
    __rt_lib_init_fp_trap_1                  0x08000173   Thumb Code     0  libinit2.o(.ARM.Collect$$libinit$$0000001F)
    __rt_lib_init_getenv_1                   0x08000173   Thumb Code     0  libinit2.o(.ARM.Collect$$libinit$$00000023)
    __rt_lib_init_heap_1                     0x08000173   Thumb Code     0  libinit2.o(.ARM.Collect$$libinit$$0000000A)
    __rt_lib_init_lc_collate_1               0x08000173   Thumb Code     0  libinit2.o(.ARM.Collect$$libinit$$00000011)
    __rt_lib_init_lc_ctype_1                 0x08000173   Thumb Code     0  libinit2.o(.ARM.Collect$$libinit$$00000013)
    __rt_lib_init_lc_monetary_1              0x08000173   Thumb Code     0  libinit2.o(.ARM.Collect$$libinit$$00000015)
    __rt_lib_init_lc_numeric_1               0x08000173   Thumb Code     0  libinit2.o(.ARM.Collect$$libinit$$00000017)
    __rt_lib_init_lc_time_1                  0x08000173   Thumb Code     0  libinit2.o(.ARM.Collect$$libinit$$00000019)
    __rt_lib_init_preinit_1                  0x08000173   Thumb Code     0  libinit2.o(.ARM.Collect$$libinit$$00000004)
    __rt_lib_init_rand_1                     0x08000173   Thumb Code     0  libinit2.o(.ARM.Collect$$libinit$$0000000E)
    __rt_lib_init_return                     0x08000173   Thumb Code     0  libinit2.o(.ARM.Collect$$libinit$$00000033)
    __rt_lib_init_signal_1                   0x08000173   Thumb Code     0  libinit2.o(.ARM.Collect$$libinit$$0000001D)
    __rt_lib_init_stdio_1                    0x08000173   Thumb Code     0  libinit2.o(.ARM.Collect$$libinit$$00000025)
    __rt_lib_init_user_alloc_1               0x08000173   Thumb Code     0  libinit2.o(.ARM.Collect$$libinit$$0000000C)
    __rt_lib_shutdown                        0x08000175   Thumb Code     0  libshutdown.o(.ARM.Collect$$libshutdown$$00000000)
    __rt_lib_shutdown_cpp_1                  0x08000177   Thumb Code     0  libshutdown2.o(.ARM.Collect$$libshutdown$$00000002)
    __rt_lib_shutdown_fp_trap_1              0x08000177   Thumb Code     0  libshutdown2.o(.ARM.Collect$$libshutdown$$00000007)
    __rt_lib_shutdown_heap_1                 0x08000177   Thumb Code     0  libshutdown2.o(.ARM.Collect$$libshutdown$$0000000F)
    __rt_lib_shutdown_return                 0x08000177   Thumb Code     0  libshutdown2.o(.ARM.Collect$$libshutdown$$00000010)
    __rt_lib_shutdown_signal_1               0x08000177   Thumb Code     0  libshutdown2.o(.ARM.Collect$$libshutdown$$0000000A)
    __rt_lib_shutdown_stdio_1                0x08000177   Thumb Code     0  libshutdown2.o(.ARM.Collect$$libshutdown$$00000004)
    __rt_lib_shutdown_user_alloc_1           0x08000177   Thumb Code     0  libshutdown2.o(.ARM.Collect$$libshutdown$$0000000C)
    __rt_entry                               0x08000179   Thumb Code     0  __rtentry.o(.ARM.Collect$$rtentry$$00000000)
    __rt_entry_presh_1                       0x08000179   Thumb Code     0  __rtentry2.o(.ARM.Collect$$rtentry$$00000002)
    __rt_entry_sh                            0x08000179   Thumb Code     0  __rtentry4.o(.ARM.Collect$$rtentry$$00000004)
    __rt_entry_li                            0x0800017f   Thumb Code     0  __rtentry2.o(.ARM.Collect$$rtentry$$0000000A)
    __rt_entry_postsh_1                      0x0800017f   Thumb Code     0  __rtentry2.o(.ARM.Collect$$rtentry$$00000009)
    __rt_entry_main                          0x08000183   Thumb Code     0  __rtentry2.o(.ARM.Collect$$rtentry$$0000000D)
    __rt_entry_postli_1                      0x08000183   Thumb Code     0  __rtentry2.o(.ARM.Collect$$rtentry$$0000000C)
    __rt_exit                                0x0800018b   Thumb Code     0  rtexit.o(.ARM.Collect$$rtexit$$00000000)
    __rt_exit_ls                             0x0800018d   Thumb Code     0  rtexit2.o(.ARM.Collect$$rtexit$$00000003)
    __rt_exit_prels_1                        0x0800018d   Thumb Code     0  rtexit2.o(.ARM.Collect$$rtexit$$00000002)
    __rt_exit_exit                           0x08000191   Thumb Code     0  rtexit2.o(.ARM.Collect$$rtexit$$00000004)
    Reset_Handler                            0x08000199   Thumb Code     8  startup_stm32f10x_md.o(.text)
    ADC1_2_IRQHandler                        0x080001b3   Thumb Code     0  startup_stm32f10x_md.o(.text)
    CAN1_RX1_IRQHandler                      0x080001b3   Thumb Code     0  startup_stm32f10x_md.o(.text)
    CAN1_SCE_IRQHandler                      0x080001b3   Thumb Code     0  startup_stm32f10x_md.o(.text)
    DMA1_Channel1_IRQHandler                 0x080001b3   Thumb Code     0  startup_stm32f10x_md.o(.text)
    DMA1_Channel2_IRQHandler                 0x080001b3   Thumb Code     0  startup_stm32f10x_md.o(.text)
    DMA1_Channel3_IRQHandler                 0x080001b3   Thumb Code     0  startup_stm32f10x_md.o(.text)
    DMA1_Channel4_IRQHandler                 0x080001b3   Thumb Code     0  startup_stm32f10x_md.o(.text)
    DMA1_Channel5_IRQHandler                 0x080001b3   Thumb Code     0  startup_stm32f10x_md.o(.text)
    DMA1_Channel6_IRQHandler                 0x080001b3   Thumb Code     0  startup_stm32f10x_md.o(.text)
    DMA1_Channel7_IRQHandler                 0x080001b3   Thumb Code     0  startup_stm32f10x_md.o(.text)
    EXTI0_IRQHandler                         0x080001b3   Thumb Code     0  startup_stm32f10x_md.o(.text)
    EXTI1_IRQHandler                         0x080001b3   Thumb Code     0  startup_stm32f10x_md.o(.text)
    EXTI2_IRQHandler                         0x080001b3   Thumb Code     0  startup_stm32f10x_md.o(.text)
    EXTI3_IRQHandler                         0x080001b3   Thumb Code     0  startup_stm32f10x_md.o(.text)
    EXTI4_IRQHandler                         0x080001b3   Thumb Code     0  startup_stm32f10x_md.o(.text)
    EXTI9_5_IRQHandler                       0x080001b3   Thumb Code     0  startup_stm32f10x_md.o(.text)
    FLASH_IRQHandler                         0x080001b3   Thumb Code     0  startup_stm32f10x_md.o(.text)
    I2C1_ER_IRQHandler                       0x080001b3   Thumb Code     0  startup_stm32f10x_md.o(.text)
    I2C1_EV_IRQHandler                       0x080001b3   Thumb Code     0  startup_stm32f10x_md.o(.text)
    I2C2_ER_IRQHandler                       0x080001b3   Thumb Code     0  startup_stm32f10x_md.o(.text)
    I2C2_EV_IRQHandler                       0x080001b3   Thumb Code     0  startup_stm32f10x_md.o(.text)
    PVD_IRQHandler                           0x080001b3   Thumb Code     0  startup_stm32f10x_md.o(.text)
    RCC_IRQHandler                           0x080001b3   Thumb Code     0  startup_stm32f10x_md.o(.text)
    RTCAlarm_IRQHandler                      0x080001b3   Thumb Code     0  startup_stm32f10x_md.o(.text)
    RTC_IRQHandler                           0x080001b3   Thumb Code     0  startup_stm32f10x_md.o(.text)
    SPI1_IRQHandler                          0x080001b3   Thumb Code     0  startup_stm32f10x_md.o(.text)
    SPI2_IRQHandler                          0x080001b3   Thumb Code     0  startup_stm32f10x_md.o(.text)
    TAMPER_IRQHandler                        0x080001b3   Thumb Code     0  startup_stm32f10x_md.o(.text)
    TIM1_BRK_IRQHandler                      0x080001b3   Thumb Code     0  startup_stm32f10x_md.o(.text)
    TIM1_CC_IRQHandler                       0x080001b3   Thumb Code     0  startup_stm32f10x_md.o(.text)
    TIM1_TRG_COM_IRQHandler                  0x080001b3   Thumb Code     0  startup_stm32f10x_md.o(.text)
    TIM1_UP_IRQHandler                       0x080001b3   Thumb Code     0  startup_stm32f10x_md.o(.text)
    TIM2_IRQHandler                          0x080001b3   Thumb Code     0  startup_stm32f10x_md.o(.text)
    TIM4_IRQHandler                          0x080001b3   Thumb Code     0  startup_stm32f10x_md.o(.text)
    USART1_IRQHandler                        0x080001b3   Thumb Code     0  startup_stm32f10x_md.o(.text)
    USART3_IRQHandler                        0x080001b3   Thumb Code     0  startup_stm32f10x_md.o(.text)
    USBWakeUp_IRQHandler                     0x080001b3   Thumb Code     0  startup_stm32f10x_md.o(.text)
    USB_HP_CAN1_TX_IRQHandler                0x080001b3   Thumb Code     0  startup_stm32f10x_md.o(.text)
    USB_LP_CAN1_RX0_IRQHandler               0x080001b3   Thumb Code     0  startup_stm32f10x_md.o(.text)
    WWDG_IRQHandler                          0x080001b3   Thumb Code     0  startup_stm32f10x_md.o(.text)
    __user_initial_stackheap                 0x080001b5   Thumb Code     0  startup_stm32f10x_md.o(.text)
    __use_no_semihosting                     0x080001d9   Thumb Code     2  use_no_semi_2.o(.text)
    __2sprintf                               0x080001dd   Thumb Code    34  noretval__2sprintf.o(.text)
    __2snprintf                              0x08000205   Thumb Code    48  noretval__2snprintf.o(.text)
    __printf                                 0x08000239   Thumb Code   104  __printf.o(.text)
    _printf_str                              0x080002a1   Thumb Code    82  _printf_str.o(.text)
    _printf_int_dec                          0x080002f5   Thumb Code   104  _printf_dec.o(.text)
    strlen                                   0x0800036d   Thumb Code    62  strlen.o(.text)
    __aeabi_memclr4                          0x080003ab   Thumb Code     0  rt_memclr_w.o(.text)
    __aeabi_memclr8                          0x080003ab   Thumb Code     0  rt_memclr_w.o(.text)
    __rt_memclr_w                            0x080003ab   Thumb Code    78  rt_memclr_w.o(.text)
    _memset_w                                0x080003af   Thumb Code     0  rt_memclr_w.o(.text)
    strncpy                                  0x080003f9   Thumb Code    86  strncpy.o(.text)
    __use_two_region_memory                  0x0800044f   Thumb Code     2  heapauxi.o(.text)
    __rt_heap_escrow$2region                 0x08000451   Thumb Code     2  heapauxi.o(.text)
    __rt_heap_expand$2region                 0x08000453   Thumb Code     2  heapauxi.o(.text)
    __I$use$semihosting                      0x08000455   Thumb Code     0  use_no_semi.o(.text)
    __use_no_semihosting_swi                 0x08000455   Thumb Code     2  use_no_semi.o(.text)
    _printf_int_common                       0x08000457   Thumb Code   178  _printf_intcommon.o(.text)
    _printf_char_common                      0x08000513   Thumb Code    32  _printf_char_common.o(.text)
    _sputc                                   0x08000539   Thumb Code    10  _sputc.o(.text)
    _snputc                                  0x08000543   Thumb Code    16  _snputc.o(.text)
    _printf_cs_common                        0x08000553   Thumb Code    20  _printf_char.o(.text)
    _printf_char                             0x08000567   Thumb Code    16  _printf_char.o(.text)
    _printf_string                           0x08000577   Thumb Code     8  _printf_char.o(.text)
    __aeabi_memclr                           0x0800057f   Thumb Code     0  rt_memclr.o(.text)
    __rt_memclr                              0x0800057f   Thumb Code    68  rt_memclr.o(.text)
    _memset                                  0x08000583   Thumb Code     0  rt_memclr.o(.text)
    __user_setup_stackheap                   0x080005c3   Thumb Code    74  sys_stackheap_outer.o(.text)
    exit                                     0x0800060d   Thumb Code    18  exit.o(.text)
    __user_libspace                          0x08000621   Thumb Code     8  libspace.o(.text)
    __user_perproc_libspace                  0x08000621   Thumb Code     0  libspace.o(.text)
    __user_perthread_libspace                0x08000621   Thumb Code     0  libspace.o(.text)
    BusFault_Handler                         0x08000629   Thumb Code     4  stm32f10x_it.o(i.BusFault_Handler)
    DEBUG_LED_Init                           0x0800062d   Thumb Code   156  led.o(i.DEBUG_LED_Init)
    DHT_GPIO_Init                            0x080006d1   Thumb Code    50  dht11.o(i.DHT_GPIO_Init)
    DHT_Get_Byte_Data                        0x08000709   Thumb Code    80  dht11.o(i.DHT_Get_Byte_Data)
    DHT_Get_Temp_Humi_Data                   0x0800075d   Thumb Code    68  dht11.o(i.DHT_Get_Temp_Humi_Data)
    DHT_Start                                0x080007a1   Thumb Code    98  dht11.o(i.DHT_Start)
    DHT_display                              0x08000809   Thumb Code    40  main.o(i.DHT_display)
    DebugMon_Handler                         0x08000845   Thumb Code     2  stm32f10x_it.o(i.DebugMon_Handler)
    Done_LED                                 0x08000849   Thumb Code   148  led.o(i.Done_LED)
    ERROR_LED                                0x080008e1   Thumb Code   146  led.o(i.ERROR_LED)
    EXTI15_10_IRQHandler                     0x08000979   Thumb Code    38  llcc68stm32f103-board.o(i.EXTI15_10_IRQHandler)
    EXTI_ClearITPendingBit                   0x080009a9   Thumb Code     6  stm32f10x_exti.o(i.EXTI_ClearITPendingBit)
    EXTI_Init                                0x080009b5   Thumb Code   142  stm32f10x_exti.o(i.EXTI_Init)
    ExampleLLCC68SetingMode                  0x08000a49   Thumb Code   374  main.o(i.ExampleLLCC68SetingMode)
    GPIO_EXTILineConfig                      0x08000c21   Thumb Code    60  stm32f10x_gpio.o(i.GPIO_EXTILineConfig)
    GPIO_Init                                0x08000c61   Thumb Code   278  stm32f10x_gpio.o(i.GPIO_Init)
    GPIO_PinRemapConfig                      0x08000d79   Thumb Code   138  stm32f10x_gpio.o(i.GPIO_PinRemapConfig)
    GPIO_ReadInputDataBit                    0x08000e09   Thumb Code    18  stm32f10x_gpio.o(i.GPIO_ReadInputDataBit)
    GPIO_ResetBits                           0x08000e1b   Thumb Code     4  stm32f10x_gpio.o(i.GPIO_ResetBits)
    GPIO_SetBits                             0x08000e1f   Thumb Code     4  stm32f10x_gpio.o(i.GPIO_SetBits)
    GPIO_WriteBit                            0x08000e23   Thumb Code    10  stm32f10x_gpio.o(i.GPIO_WriteBit)
    HALSpi1InOut                             0x08000e2d   Thumb Code    82  hal_spi.o(i.HALSpi1InOut)
    HardFault_Handler                        0x08000e85   Thumb Code     4  stm32f10x_it.o(i.HardFault_Handler)
    Key_Init                                 0x08000e89   Thumb Code    66  key.o(i.Key_Init)
    LLCC68AntSwOff                           0x08000ed9   Thumb Code     2  radio.o(i.LLCC68AntSwOff)
    LLCC68AntSwOn                            0x08000edb   Thumb Code     2  radio.o(i.LLCC68AntSwOn)
    LLCC68CalibrateImage                     0x08000edd   Thumb Code   114  llcc68.o(i.LLCC68CalibrateImage)
    LLCC68CheckDeviceReady                   0x08000f65   Thumb Code    30  llcc68.o(i.LLCC68CheckDeviceReady)
    LLCC68ClearIrqStatus                     0x08000f83   Thumb Code    28  llcc68.o(i.LLCC68ClearIrqStatus)
    LLCC68DelayMs                            0x08000fc3   Thumb Code    12  llcc68stm32f103-board.o(i.LLCC68DelayMs)
    LLCC68GetBoardTcxoWakeupTime             0x08000fcf   Thumb Code     4  radio.o(i.LLCC68GetBoardTcxoWakeupTime)
    LLCC68GetDeviceId                        0x08000fd3   Thumb Code     4  radio.o(i.LLCC68GetDeviceId)
    LLCC68GetIrqStatus                       0x08000fd7   Thumb Code    26  llcc68.o(i.LLCC68GetIrqStatus)
    LLCC68GetOperatingMode                   0x08000ff1   Thumb Code     6  radio.o(i.LLCC68GetOperatingMode)
    LLCC68GetPacketStatus                    0x08000ffd   Thumb Code   134  llcc68.o(i.LLCC68GetPacketStatus)
    LLCC68GetPacketType                      0x08001089   Thumb Code     6  llcc68.o(i.LLCC68GetPacketType)
    LLCC68GetPayload                         0x08001095   Thumb Code    46  llcc68.o(i.LLCC68GetPayload)
    LLCC68GetRandom                          0x080010c3   Thumb Code   104  llcc68.o(i.LLCC68GetRandom)
    LLCC68GetRssiInst                        0x0800112b   Thumb Code    28  llcc68.o(i.LLCC68GetRssiInst)
    LLCC68GetRxBufferStatus                  0x08001149   Thumb Code    58  llcc68.o(i.LLCC68GetRxBufferStatus)
    LLCC68Init                               0x08001189   Thumb Code    40  llcc68.o(i.LLCC68Init)
    LLCC68IoInit                             0x080011b1   Thumb Code    46  llcc68stm32f103-board.o(i.LLCC68IoInit)
    LLCC68IoIrqInit                          0x080011e5   Thumb Code   130  llcc68stm32f103-board.o(i.LLCC68IoIrqInit)
    LLCC68IoRfSwitchInit                     0x08001271   Thumb Code    10  radio.o(i.LLCC68IoRfSwitchInit)
    LLCC68IoTcxoInit                         0x0800127b   Thumb Code     2  radio.o(i.LLCC68IoTcxoInit)
    LLCC68ReadBuffer                         0x08001377   Thumb Code    74  radio.o(i.LLCC68ReadBuffer)
    LLCC68ReadCommand                        0x080013c1   Thumb Code    76  radio.o(i.LLCC68ReadCommand)
    LLCC68ReadRegister                       0x0800140d   Thumb Code    20  radio.o(i.LLCC68ReadRegister)
    LLCC68ReadRegisters                      0x08001421   Thumb Code    80  radio.o(i.LLCC68ReadRegisters)
    LLCC68Reset                              0x08001471   Thumb Code    80  llcc68stm32f103-board.o(i.LLCC68Reset)
    LLCC68RxTimerStart                       0x080014c5   Thumb Code    14  llcc68stm32f103-board.o(i.LLCC68RxTimerStart)
    LLCC68RxTimerStop                        0x080014dd   Thumb Code     8  llcc68stm32f103-board.o(i.LLCC68RxTimerStop)
    LLCC68SendPayload                        0x080014e9   Thumb Code    24  llcc68.o(i.LLCC68SendPayload)
    LLCC68SetBufferBaseAddress               0x08001501   Thumb Code    26  llcc68.o(i.LLCC68SetBufferBaseAddress)
    LLCC68SetCad                             0x0800151b   Thumb Code    20  llcc68.o(i.LLCC68SetCad)
    LLCC68SetCrcPolynomial                   0x0800152f   Thumb Code    42  llcc68.o(i.LLCC68SetCrcPolynomial)
    LLCC68SetCrcSeed                         0x08001559   Thumb Code    42  llcc68.o(i.LLCC68SetCrcSeed)
    LLCC68SetDio2AsRfSwitchCtrl              0x08001583   Thumb Code    14  llcc68.o(i.LLCC68SetDio2AsRfSwitchCtrl)
    LLCC68SetDioIrqParams                    0x08001591   Thumb Code    74  llcc68.o(i.LLCC68SetDioIrqParams)
    LLCC68SetLoRaSymbNumTimeout              0x080015db   Thumb Code    84  llcc68.o(i.LLCC68SetLoRaSymbNumTimeout)
    LLCC68SetModulationParams                0x08001631   Thumb Code   168  llcc68.o(i.LLCC68SetModulationParams)
    LLCC68SetNss                             0x080016e1   Thumb Code    26  llcc68stm32f103-board.o(i.LLCC68SetNss)
    LLCC68SetOperatingMode                   0x08001701   Thumb Code     6  radio.o(i.LLCC68SetOperatingMode)
    LLCC68SetPaConfig                        0x0800170d   Thumb Code    38  llcc68.o(i.LLCC68SetPaConfig)
    LLCC68SetPacketParams                    0x08001735   Thumb Code   222  llcc68.o(i.LLCC68SetPacketParams)
    LLCC68SetPacketType                      0x0800181d   Thumb Code    22  llcc68.o(i.LLCC68SetPacketType)
    LLCC68SetPayload                         0x08001839   Thumb Code    18  llcc68.o(i.LLCC68SetPayload)
    LLCC68SetRegulatorMode                   0x0800184b   Thumb Code    14  llcc68.o(i.LLCC68SetRegulatorMode)
    LLCC68SetRfFrequency                     0x08001859   Thumb Code    68  llcc68.o(i.LLCC68SetRfFrequency)
    LLCC68SetRfTxPower                       0x080018a1   Thumb Code    14  radio.o(i.LLCC68SetRfTxPower)
    LLCC68SetRx                              0x080018af   Thumb Code    40  llcc68.o(i.LLCC68SetRx)
    LLCC68SetRxBoosted                       0x080018d7   Thumb Code    50  llcc68.o(i.LLCC68SetRxBoosted)
    LLCC68SetRxDutyCycle                     0x08001909   Thumb Code    60  llcc68.o(i.LLCC68SetRxDutyCycle)
    LLCC68SetRxTimerValue                    0x08001945   Thumb Code     6  llcc68stm32f103-board.o(i.LLCC68SetRxTimerValue)
    LLCC68SetSleep                           0x08001951   Thumb Code    64  llcc68.o(i.LLCC68SetSleep)
    LLCC68SetStandby                         0x08001991   Thumb Code    34  llcc68.o(i.LLCC68SetStandby)
    LLCC68SetStopRxTimerOnPreambleDetect     0x080019b3   Thumb Code    14  llcc68.o(i.LLCC68SetStopRxTimerOnPreambleDetect)
    LLCC68SetSyncWord                        0x080019c1   Thumb Code    20  llcc68.o(i.LLCC68SetSyncWord)
    LLCC68SetTx                              0x080019d5   Thumb Code    40  llcc68.o(i.LLCC68SetTx)
    LLCC68SetTxContinuousWave                0x080019fd   Thumb Code    20  llcc68.o(i.LLCC68SetTxContinuousWave)
    LLCC68SetTxParams                        0x08001a11   Thumb Code   138  llcc68.o(i.LLCC68SetTxParams)
    LLCC68SetTxTimerValue                    0x08001a9d   Thumb Code     6  llcc68stm32f103-board.o(i.LLCC68SetTxTimerValue)
    LLCC68SetWhiteningSeed                   0x08001aa9   Thumb Code    58  llcc68.o(i.LLCC68SetWhiteningSeed)
    LLCC68SpiInOut                           0x08001ae3   Thumb Code    12  llcc68stm32f103-board.o(i.LLCC68SpiInOut)
    LLCC68TimerInit                          0x08001af1   Thumb Code   120  llcc68stm32f103-board.o(i.LLCC68TimerInit)
    LLCC68TxTimerStart                       0x08001b79   Thumb Code    14  llcc68stm32f103-board.o(i.LLCC68TxTimerStart)
    LLCC68TxTimerStop                        0x08001b91   Thumb Code     8  llcc68stm32f103-board.o(i.LLCC68TxTimerStop)
    LLCC68WaitOnBusy                         0x08001b9d   Thumb Code    38  llcc68stm32f103-board.o(i.LLCC68WaitOnBusy)
    LLCC68Wakeup                             0x08001bc9   Thumb Code    38  radio.o(i.LLCC68Wakeup)
    LLCC68WriteBuffer                        0x08001bef   Thumb Code    66  radio.o(i.LLCC68WriteBuffer)
    LLCC68WriteCommand                       0x08001c31   Thumb Code    64  radio.o(i.LLCC68WriteCommand)
    LLCC68WriteRegister                      0x08001c71   Thumb Code    16  radio.o(i.LLCC68WriteRegister)
    LLCC68WriteRegisters                     0x08001c81   Thumb Code    72  radio.o(i.LLCC68WriteRegisters)
    Loading_LED                              0x08001cc9   Thumb Code   190  led.o(i.Loading_LED)
    MemManage_Handler                        0x08001d8d   Thumb Code     4  stm32f10x_it.o(i.MemManage_Handler)
    NMI_Handler                              0x08001d91   Thumb Code     2  stm32f10x_it.o(i.NMI_Handler)
    NVIC_Init                                0x08001d95   Thumb Code   100  misc.o(i.NVIC_Init)
    OLED_Clear                               0x08001e05   Thumb Code    42  oled.o(i.OLED_Clear)
    OLED_I2C_Init                            0x08001e31   Thumb Code    72  oled.o(i.OLED_I2C_Init)
    OLED_I2C_SendByte                        0x08001e7d   Thumb Code    74  oled.o(i.OLED_I2C_SendByte)
    OLED_I2C_Start                           0x08001ecd   Thumb Code    44  oled.o(i.OLED_I2C_Start)
    OLED_I2C_Stop                            0x08001efd   Thumb Code    34  oled.o(i.OLED_I2C_Stop)
    OLED_Init                                0x08001f25   Thumb Code   174  oled.o(i.OLED_Init)
    OLED_SetCursor                           0x08001fd3   Thumb Code    34  oled.o(i.OLED_SetCursor)
    OLED_ShowChar                            0x08001ff5   Thumb Code   110  oled.o(i.OLED_ShowChar)
    OLED_ShowString                          0x08002069   Thumb Code    40  oled.o(i.OLED_ShowString)
    OLED_WriteCommand                        0x08002091   Thumb Code    32  oled.o(i.OLED_WriteCommand)
    OLED_WriteData                           0x080020b1   Thumb Code    32  oled.o(i.OLED_WriteData)
    PendSV_Handler                           0x080020d1   Thumb Code     2  stm32f10x_it.o(i.PendSV_Handler)
    RCC_APB1PeriphClockCmd                   0x080020d5   Thumb Code    26  stm32f10x_rcc.o(i.RCC_APB1PeriphClockCmd)
    RCC_APB2PeriphClockCmd                   0x080020f5   Thumb Code    26  stm32f10x_rcc.o(i.RCC_APB2PeriphClockCmd)
    RadioCheckRfFrequency                    0x08002115   Thumb Code     6  radio.o(i.RadioCheckRfFrequency)
    RadioGetStatus                           0x080022a3   Thumb Code    36  radio.o(i.RadioGetStatus)
    RadioGetWakeupTime                       0x080022c7   Thumb Code    10  radio.o(i.RadioGetWakeupTime)
    RadioInit                                0x080022d1   Thumb Code    72  radio.o(i.RadioInit)
    RadioIrqProcess                          0x08002325   Thumb Code   410  radio.o(i.RadioIrqProcess)
    RadioIsChannelFree                       0x080024d5   Thumb Code   136  radio.o(i.RadioIsChannelFree)
    RadioOnDioIrq                            0x0800255d   Thumb Code     8  radio.o(i.RadioOnDioIrq)
    RadioOnRxTimeoutIrq                      0x08002569   Thumb Code    28  radio.o(i.RadioOnRxTimeoutIrq)
    RadioOnTxTimeoutIrq                      0x08002589   Thumb Code    28  radio.o(i.RadioOnTxTimeoutIrq)
    RadioRandom                              0x080025a9   Thumb Code    32  radio.o(i.RadioRandom)
    RadioRead                                0x080025c9   Thumb Code    12  radio.o(i.RadioRead)
    RadioReadBuffer                          0x080025d5   Thumb Code    20  radio.o(i.RadioReadBuffer)
    RadioRssi                                0x080025e9   Thumb Code    10  radio.o(i.RadioRssi)
    RadioRx                                  0x080025f5   Thumb Code    60  radio.o(i.RadioRx)
    RadioRxBoosted                           0x08002639   Thumb Code    60  radio.o(i.RadioRxBoosted)
    RadioSend                                0x0800267d   Thumb Code    68  radio.o(i.RadioSend)
    RadioSetChannel                          0x080026c9   Thumb Code    12  radio.o(i.RadioSetChannel)
    RadioSetMaxPayloadLength                 0x080026d5   Thumb Code    46  radio.o(i.RadioSetMaxPayloadLength)
    RadioSetModem                            0x0800270d   Thumb Code    64  radio.o(i.RadioSetModem)
    RadioSetPublicNetwork                    0x08002751   Thumb Code    64  radio.o(i.RadioSetPublicNetwork)
    RadioSetRxConfig                         0x08002795   Thumb Code   512  radio.o(i.RadioSetRxConfig)
    RadioSetRxDutyCycle                      0x080029b1   Thumb Code    16  radio.o(i.RadioSetRxDutyCycle)
    RadioSetTxConfig                         0x080029c1   Thumb Code   444  radio.o(i.RadioSetTxConfig)
    RadioSetTxContinuousWave                 0x08002b95   Thumb Code    48  radio.o(i.RadioSetTxContinuousWave)
    RadioSleep                               0x08002bc5   Thumb Code    32  radio.o(i.RadioSleep)
    RadioStandby                             0x08002be5   Thumb Code    10  radio.o(i.RadioStandby)
    RadioStartCad                            0x08002bef   Thumb Code    22  radio.o(i.RadioStartCad)
    RadioTimeOnAir                           0x08002c05   Thumb Code   118  radio.o(i.RadioTimeOnAir)
    RadioWrite                               0x08002c81   Thumb Code    16  radio.o(i.RadioWrite)
    RadioWriteBuffer                         0x08002c91   Thumb Code    20  radio.o(i.RadioWriteBuffer)
    Receiving_LED                            0x08002ca5   Thumb Code   190  led.o(i.Receiving_LED)
    SPI_Cmd                                  0x08002d69   Thumb Code    24  stm32f10x_spi.o(i.SPI_Cmd)
    SPI_I2S_GetFlagStatus                    0x08002d81   Thumb Code    18  stm32f10x_spi.o(i.SPI_I2S_GetFlagStatus)
    SPI_I2S_ReceiveData                      0x08002d93   Thumb Code     6  stm32f10x_spi.o(i.SPI_I2S_ReceiveData)
    SPI_I2S_SendData                         0x08002d99   Thumb Code     4  stm32f10x_spi.o(i.SPI_I2S_SendData)
    SPI_Init                                 0x08002d9d   Thumb Code    60  stm32f10x_spi.o(i.SPI_Init)
    SVC_Handler                              0x08002dd9   Thumb Code     2  stm32f10x_it.o(i.SVC_Handler)
    Sending_LED                              0x08002ddd   Thumb Code   190  led.o(i.Sending_LED)
    Spi1Init                                 0x08002f89   Thumb Code   162  hal_spi.o(i.Spi1Init)
    SysTick_Handler                          0x08003089   Thumb Code     2  stm32f10x_it.o(i.SysTick_Handler)
    SystemInit                               0x0800308d   Thumb Code    78  system_stm32f10x.o(i.SystemInit)
    TIM3_IRQHandler                          0x080030ed   Thumb Code   176  llcc68stm32f103-board.o(i.TIM3_IRQHandler)
    TIM_ClearITPendingBit                    0x080031ad   Thumb Code     6  stm32f10x_tim.o(i.TIM_ClearITPendingBit)
    TIM_Cmd                                  0x080031b3   Thumb Code    24  stm32f10x_tim.o(i.TIM_Cmd)
    TIM_GetITStatus                          0x080031cb   Thumb Code    34  stm32f10x_tim.o(i.TIM_GetITStatus)
    TIM_ITConfig                             0x080031ed   Thumb Code    18  stm32f10x_tim.o(i.TIM_ITConfig)
    TIM_TimeBaseInit                         0x08003201   Thumb Code   122  stm32f10x_tim.o(i.TIM_TimeBaseInit)
    Testing_LED_Init                         0x080032a5   Thumb Code    56  led.o(i.Testing_LED_Init)
    USART2_IRQHandler                        0x080032e1   Thumb Code    40  hal_uart.o(i.USART2_IRQHandler)
    USART_ClearFlag                          0x0800330d   Thumb Code    18  stm32f10x_usart.o(i.USART_ClearFlag)
    USART_GetFlagStatus                      0x0800331f   Thumb Code    26  stm32f10x_usart.o(i.USART_GetFlagStatus)
    USART_ReceiveData                        0x08003339   Thumb Code    10  stm32f10x_usart.o(i.USART_ReceiveData)
    USART_SendData                           0x08003343   Thumb Code     8  stm32f10x_usart.o(i.USART_SendData)
    UsageFault_Handler                       0x0800334b   Thumb Code     4  stm32f10x_it.o(i.UsageFault_Handler)
    _sys_exit                                0x0800334f   Thumb Code     4  hal_uart.o(i._sys_exit)
    delay_ms                                 0x08003355   Thumb Code    66  delay.o(i.delay_ms)
    delay_s                                  0x0800339d   Thumb Code    24  delay.o(i.delay_s)
    delay_us                                 0x080033b5   Thumb Code    64  delay.o(i.delay_us)
    main                                     0x080033fd   Thumb Code   272  main.o(i.main)
    OLED_F8x16                               0x0800356c   Data        1520  oled.o(.constdata)
    Radio                                    0x08003b5c   Data         108  radio.o(.constdata)
    FskBandwidths                            0x08003bc8   Data         176  radio.o(.constdata)
    Bandwidths                               0x08003c78   Data           3  radio.o(.constdata)
    Region$$Table$$Base                      0x08003c7c   Number         0  anon$$obj.o(Region$$Table)
    Region$$Table$$Limit                     0x08003c9c   Number         0  anon$$obj.o(Region$$Table)
    SystemCoreClock                          0x20000000   Data           4  system_stm32f10x.o(.data)
    AHBPrescTable                            0x20000004   Data          16  system_stm32f10x.o(.data)
    Lora_Mode                                0x20000014   Data           1  main.o(.data)
    DHT_Buffer                               0x20000015   Data           5  main.o(.data)
    MaxPayloadLength                         0x2000001c   Data           1  radio.o(.data)
    TxTimeout                                0x20000020   Data           4  radio.o(.data)
    RxTimeout                                0x20000024   Data           4  radio.o(.data)
    RxContinuous                             0x20000028   Data           1  radio.o(.data)
    IrqFired                                 0x20000029   Data           1  radio.o(.data)
    FrequencyError                           0x20000038   Data           4  llcc68.o(.data)
    str                                      0x20000048   Data          20  main.o(.bss)
    DHT_recive_str                           0x2000005c   Data          16  main.o(.bss)
    sendData                                 0x2000006c   Data          20  main.o(.bss)
    DHT_str                                  0x20000080   Data          16  main.o(.bss)
    RadioPktStatus                           0x200000b4   Data          20  radio.o(.bss)
    RadioRxPayload                           0x200000c8   Data         255  radio.o(.bss)
    LLCC68                                   0x200001c8   Data          60  radio.o(.bss)
    __libspace_start                         0x2000021c   Data          96  libspace.o(.bss)
    __temporary_stack_top$libspace           0x2000027c   Data           0  libspace.o(.bss)



==============================================================================

Memory Map of the image

  Image Entry point : 0x080000ed

  Load Region LR_IROM1 (Base: 0x08000000, Size: 0x00003ce4, Max: 0x00010000, ABSOLUTE)

    Execution Region ER_IROM1 (Exec base: 0x08000000, Load base: 0x08000000, Size: 0x00003c9c, Max: 0x00010000, ABSOLUTE)

    Exec Addr    Load Addr    Size         Type   Attr      Idx    E Section Name        Object

    0x08000000   0x08000000   0x000000ec   Data   RO            3    RESET               startup_stm32f10x_md.o
    0x080000ec   0x080000ec   0x00000008   Code   RO         4535  * !!!main             c_w.l(__main.o)
    0x080000f4   0x080000f4   0x00000034   Code   RO         4705    !!!scatter          c_w.l(__scatter.o)
    0x08000128   0x08000128   0x0000001a   Code   RO         4707    !!handler_copy      c_w.l(__scatter_copy.o)
    0x08000142   0x08000142   0x00000002   PAD
    0x08000144   0x08000144   0x0000001c   Code   RO         4709    !!handler_zi        c_w.l(__scatter_zi.o)
    0x08000160   0x08000160   0x00000000   Code   RO         4526    .ARM.Collect$$_printf_percent$$00000000  c_w.l(_printf_percent.o)
    0x08000160   0x08000160   0x00000006   Code   RO         4525    .ARM.Collect$$_printf_percent$$00000009  c_w.l(_printf_d.o)
    0x08000166   0x08000166   0x00000006   Code   RO         4524    .ARM.Collect$$_printf_percent$$00000014  c_w.l(_printf_s.o)
    0x0800016c   0x0800016c   0x00000004   Code   RO         4550    .ARM.Collect$$_printf_percent$$00000017  c_w.l(_printf_percent_end.o)
    0x08000170   0x08000170   0x00000002   Code   RO         4579    .ARM.Collect$$libinit$$00000000  c_w.l(libinit.o)
    0x08000172   0x08000172   0x00000000   Code   RO         4586    .ARM.Collect$$libinit$$00000002  c_w.l(libinit2.o)
    0x08000172   0x08000172   0x00000000   Code   RO         4588    .ARM.Collect$$libinit$$00000004  c_w.l(libinit2.o)
    0x08000172   0x08000172   0x00000000   Code   RO         4591    .ARM.Collect$$libinit$$0000000A  c_w.l(libinit2.o)
    0x08000172   0x08000172   0x00000000   Code   RO         4593    .ARM.Collect$$libinit$$0000000C  c_w.l(libinit2.o)
    0x08000172   0x08000172   0x00000000   Code   RO         4595    .ARM.Collect$$libinit$$0000000E  c_w.l(libinit2.o)
    0x08000172   0x08000172   0x00000000   Code   RO         4598    .ARM.Collect$$libinit$$00000011  c_w.l(libinit2.o)
    0x08000172   0x08000172   0x00000000   Code   RO         4600    .ARM.Collect$$libinit$$00000013  c_w.l(libinit2.o)
    0x08000172   0x08000172   0x00000000   Code   RO         4602    .ARM.Collect$$libinit$$00000015  c_w.l(libinit2.o)
    0x08000172   0x08000172   0x00000000   Code   RO         4604    .ARM.Collect$$libinit$$00000017  c_w.l(libinit2.o)
    0x08000172   0x08000172   0x00000000   Code   RO         4606    .ARM.Collect$$libinit$$00000019  c_w.l(libinit2.o)
    0x08000172   0x08000172   0x00000000   Code   RO         4608    .ARM.Collect$$libinit$$0000001B  c_w.l(libinit2.o)
    0x08000172   0x08000172   0x00000000   Code   RO         4610    .ARM.Collect$$libinit$$0000001D  c_w.l(libinit2.o)
    0x08000172   0x08000172   0x00000000   Code   RO         4612    .ARM.Collect$$libinit$$0000001F  c_w.l(libinit2.o)
    0x08000172   0x08000172   0x00000000   Code   RO         4614    .ARM.Collect$$libinit$$00000021  c_w.l(libinit2.o)
    0x08000172   0x08000172   0x00000000   Code   RO         4616    .ARM.Collect$$libinit$$00000023  c_w.l(libinit2.o)
    0x08000172   0x08000172   0x00000000   Code   RO         4618    .ARM.Collect$$libinit$$00000025  c_w.l(libinit2.o)
    0x08000172   0x08000172   0x00000000   Code   RO         4622    .ARM.Collect$$libinit$$0000002C  c_w.l(libinit2.o)
    0x08000172   0x08000172   0x00000000   Code   RO         4624    .ARM.Collect$$libinit$$0000002E  c_w.l(libinit2.o)
    0x08000172   0x08000172   0x00000000   Code   RO         4626    .ARM.Collect$$libinit$$00000030  c_w.l(libinit2.o)
    0x08000172   0x08000172   0x00000000   Code   RO         4628    .ARM.Collect$$libinit$$00000032  c_w.l(libinit2.o)
    0x08000172   0x08000172   0x00000002   Code   RO         4629    .ARM.Collect$$libinit$$00000033  c_w.l(libinit2.o)
    0x08000174   0x08000174   0x00000002   Code   RO         4647    .ARM.Collect$$libshutdown$$00000000  c_w.l(libshutdown.o)
    0x08000176   0x08000176   0x00000000   Code   RO         4657    .ARM.Collect$$libshutdown$$00000002  c_w.l(libshutdown2.o)
    0x08000176   0x08000176   0x00000000   Code   RO         4659    .ARM.Collect$$libshutdown$$00000004  c_w.l(libshutdown2.o)
    0x08000176   0x08000176   0x00000000   Code   RO         4662    .ARM.Collect$$libshutdown$$00000007  c_w.l(libshutdown2.o)
    0x08000176   0x08000176   0x00000000   Code   RO         4665    .ARM.Collect$$libshutdown$$0000000A  c_w.l(libshutdown2.o)
    0x08000176   0x08000176   0x00000000   Code   RO         4667    .ARM.Collect$$libshutdown$$0000000C  c_w.l(libshutdown2.o)
    0x08000176   0x08000176   0x00000000   Code   RO         4670    .ARM.Collect$$libshutdown$$0000000F  c_w.l(libshutdown2.o)
    0x08000176   0x08000176   0x00000002   Code   RO         4671    .ARM.Collect$$libshutdown$$00000010  c_w.l(libshutdown2.o)
    0x08000178   0x08000178   0x00000000   Code   RO         4539    .ARM.Collect$$rtentry$$00000000  c_w.l(__rtentry.o)
    0x08000178   0x08000178   0x00000000   Code   RO         4554    .ARM.Collect$$rtentry$$00000002  c_w.l(__rtentry2.o)
    0x08000178   0x08000178   0x00000006   Code   RO         4566    .ARM.Collect$$rtentry$$00000004  c_w.l(__rtentry4.o)
    0x0800017e   0x0800017e   0x00000000   Code   RO         4556    .ARM.Collect$$rtentry$$00000009  c_w.l(__rtentry2.o)
    0x0800017e   0x0800017e   0x00000004   Code   RO         4557    .ARM.Collect$$rtentry$$0000000A  c_w.l(__rtentry2.o)
    0x08000182   0x08000182   0x00000000   Code   RO         4559    .ARM.Collect$$rtentry$$0000000C  c_w.l(__rtentry2.o)
    0x08000182   0x08000182   0x00000008   Code   RO         4560    .ARM.Collect$$rtentry$$0000000D  c_w.l(__rtentry2.o)
    0x0800018a   0x0800018a   0x00000002   Code   RO         4583    .ARM.Collect$$rtexit$$00000000  c_w.l(rtexit.o)
    0x0800018c   0x0800018c   0x00000000   Code   RO         4631    .ARM.Collect$$rtexit$$00000002  c_w.l(rtexit2.o)
    0x0800018c   0x0800018c   0x00000004   Code   RO         4632    .ARM.Collect$$rtexit$$00000003  c_w.l(rtexit2.o)
    0x08000190   0x08000190   0x00000006   Code   RO         4633    .ARM.Collect$$rtexit$$00000004  c_w.l(rtexit2.o)
    0x08000196   0x08000196   0x00000002   PAD
    0x08000198   0x08000198   0x00000040   Code   RO            4    .text               startup_stm32f10x_md.o
    0x080001d8   0x080001d8   0x00000002   Code   RO         4488    .text               c_w.l(use_no_semi_2.o)
    0x080001da   0x080001da   0x00000002   PAD
    0x080001dc   0x080001dc   0x00000028   Code   RO         4494    .text               c_w.l(noretval__2sprintf.o)
    0x08000204   0x08000204   0x00000034   Code   RO         4496    .text               c_w.l(noretval__2snprintf.o)
    0x08000238   0x08000238   0x00000068   Code   RO         4498    .text               c_w.l(__printf.o)
    0x080002a0   0x080002a0   0x00000052   Code   RO         4500    .text               c_w.l(_printf_str.o)
    0x080002f2   0x080002f2   0x00000002   PAD
    0x080002f4   0x080002f4   0x00000078   Code   RO         4502    .text               c_w.l(_printf_dec.o)
    0x0800036c   0x0800036c   0x0000003e   Code   RO         4527    .text               c_w.l(strlen.o)
    0x080003aa   0x080003aa   0x0000004e   Code   RO         4529    .text               c_w.l(rt_memclr_w.o)
    0x080003f8   0x080003f8   0x00000056   Code   RO         4531    .text               c_w.l(strncpy.o)
    0x0800044e   0x0800044e   0x00000006   Code   RO         4533    .text               c_w.l(heapauxi.o)
    0x08000454   0x08000454   0x00000002   Code   RO         4537    .text               c_w.l(use_no_semi.o)
    0x08000456   0x08000456   0x000000b2   Code   RO         4540    .text               c_w.l(_printf_intcommon.o)
    0x08000508   0x08000508   0x00000030   Code   RO         4542    .text               c_w.l(_printf_char_common.o)
    0x08000538   0x08000538   0x0000000a   Code   RO         4544    .text               c_w.l(_sputc.o)
    0x08000542   0x08000542   0x00000010   Code   RO         4546    .text               c_w.l(_snputc.o)
    0x08000552   0x08000552   0x0000002c   Code   RO         4548    .text               c_w.l(_printf_char.o)
    0x0800057e   0x0800057e   0x00000044   Code   RO         4551    .text               c_w.l(rt_memclr.o)
    0x080005c2   0x080005c2   0x0000004a   Code   RO         4570    .text               c_w.l(sys_stackheap_outer.o)
    0x0800060c   0x0800060c   0x00000012   Code   RO         4572    .text               c_w.l(exit.o)
    0x0800061e   0x0800061e   0x00000002   PAD
    0x08000620   0x08000620   0x00000008   Code   RO         4580    .text               c_w.l(libspace.o)
    0x08000628   0x08000628   0x00000004   Code   RO         3306    i.BusFault_Handler  stm32f10x_it.o
    0x0800062c   0x0800062c   0x000000a4   Code   RO         3374    i.DEBUG_LED_Init    led.o
    0x080006d0   0x080006d0   0x00000038   Code   RO         3605    i.DHT_GPIO_Init     dht11.o
    0x08000708   0x08000708   0x00000054   Code   RO         3606    i.DHT_Get_Byte_Data  dht11.o
    0x0800075c   0x0800075c   0x00000044   Code   RO         3607    i.DHT_Get_Temp_Humi_Data  dht11.o
    0x080007a0   0x080007a0   0x00000068   Code   RO         3610    i.DHT_Start         dht11.o
    0x08000808   0x08000808   0x0000003c   Code   RO         3196    i.DHT_display       main.o
    0x08000844   0x08000844   0x00000002   Code   RO         3307    i.DebugMon_Handler  stm32f10x_it.o
    0x08000846   0x08000846   0x00000002   PAD
    0x08000848   0x08000848   0x00000098   Code   RO         3379    i.Done_LED          led.o
    0x080008e0   0x080008e0   0x00000098   Code   RO         3380    i.ERROR_LED         led.o
    0x08000978   0x08000978   0x00000030   Code   RO         4359    i.EXTI15_10_IRQHandler  llcc68stm32f103-board.o
    0x080009a8   0x080009a8   0x0000000c   Code   RO          985    i.EXTI_ClearITPendingBit  stm32f10x_exti.o
    0x080009b4   0x080009b4   0x00000094   Code   RO          990    i.EXTI_Init         stm32f10x_exti.o
    0x08000a48   0x08000a48   0x000001d8   Code   RO         3197    i.ExampleLLCC68SetingMode  main.o
    0x08000c20   0x08000c20   0x00000040   Code   RO         1344    i.GPIO_EXTILineConfig  stm32f10x_gpio.o
    0x08000c60   0x08000c60   0x00000116   Code   RO         1347    i.GPIO_Init         stm32f10x_gpio.o
    0x08000d76   0x08000d76   0x00000002   PAD
    0x08000d78   0x08000d78   0x00000090   Code   RO         1349    i.GPIO_PinRemapConfig  stm32f10x_gpio.o
    0x08000e08   0x08000e08   0x00000012   Code   RO         1351    i.GPIO_ReadInputDataBit  stm32f10x_gpio.o
    0x08000e1a   0x08000e1a   0x00000004   Code   RO         1354    i.GPIO_ResetBits    stm32f10x_gpio.o
    0x08000e1e   0x08000e1e   0x00000004   Code   RO         1355    i.GPIO_SetBits      stm32f10x_gpio.o
    0x08000e22   0x08000e22   0x0000000a   Code   RO         1358    i.GPIO_WriteBit     stm32f10x_gpio.o
    0x08000e2c   0x08000e2c   0x00000058   Code   RO         4298    i.HALSpi1InOut      hal_spi.o
    0x08000e84   0x08000e84   0x00000004   Code   RO         3309    i.HardFault_Handler  stm32f10x_it.o
    0x08000e88   0x08000e88   0x00000050   Code   RO         3648    i.Key_Init          key.o
    0x08000ed8   0x08000ed8   0x00000002   Code   RO         3665    i.LLCC68AntSwOff    radio.o
    0x08000eda   0x08000eda   0x00000002   Code   RO         3666    i.LLCC68AntSwOn     radio.o
    0x08000edc   0x08000edc   0x00000088   Code   RO         4001    i.LLCC68CalibrateImage  llcc68.o
    0x08000f64   0x08000f64   0x0000001e   Code   RO         4002    i.LLCC68CheckDeviceReady  llcc68.o
    0x08000f82   0x08000f82   0x0000001c   Code   RO         4004    i.LLCC68ClearIrqStatus  llcc68.o
    0x08000f9e   0x08000f9e   0x00000024   Code   RO         4005    i.LLCC68ConvertFreqInHzToPllStep  llcc68.o
    0x08000fc2   0x08000fc2   0x0000000c   Code   RO         4361    i.LLCC68DelayMs     llcc68stm32f103-board.o
    0x08000fce   0x08000fce   0x00000004   Code   RO         3667    i.LLCC68GetBoardTcxoWakeupTime  radio.o
    0x08000fd2   0x08000fd2   0x00000004   Code   RO         3668    i.LLCC68GetDeviceId  radio.o
    0x08000fd6   0x08000fd6   0x0000001a   Code   RO         4007    i.LLCC68GetIrqStatus  llcc68.o
    0x08000ff0   0x08000ff0   0x0000000c   Code   RO         3669    i.LLCC68GetOperatingMode  radio.o
    0x08000ffc   0x08000ffc   0x0000008c   Code   RO         4008    i.LLCC68GetPacketStatus  llcc68.o
    0x08001088   0x08001088   0x0000000c   Code   RO         4009    i.LLCC68GetPacketType  llcc68.o
    0x08001094   0x08001094   0x0000002e   Code   RO         4010    i.LLCC68GetPayload  llcc68.o
    0x080010c2   0x080010c2   0x00000068   Code   RO         4011    i.LLCC68GetRandom   llcc68.o
    0x0800112a   0x0800112a   0x0000001c   Code   RO         4012    i.LLCC68GetRssiInst  llcc68.o
    0x08001146   0x08001146   0x00000002   PAD
    0x08001148   0x08001148   0x00000040   Code   RO         4013    i.LLCC68GetRxBufferStatus  llcc68.o
    0x08001188   0x08001188   0x00000028   Code   RO         4015    i.LLCC68Init        llcc68.o
    0x080011b0   0x080011b0   0x00000034   Code   RO         4363    i.LLCC68IoInit      llcc68stm32f103-board.o
    0x080011e4   0x080011e4   0x0000008c   Code   RO         4364    i.LLCC68IoIrqInit   llcc68stm32f103-board.o
    0x08001270   0x08001270   0x0000000a   Code   RO         3670    i.LLCC68IoRfSwitchInit  radio.o
    0x0800127a   0x0800127a   0x00000002   Code   RO         3671    i.LLCC68IoTcxoInit  radio.o
    0x0800127c   0x0800127c   0x000000b4   Code   RO         3198    i.LLCC68OnRxDone    main.o
    0x08001330   0x08001330   0x00000018   Code   RO         3199    i.LLCC68OnRxError   main.o
    0x08001348   0x08001348   0x00000018   Code   RO         3200    i.LLCC68OnRxTimeout  main.o
    0x08001360   0x08001360   0x00000014   Code   RO         3201    i.LLCC68OnTxDone    main.o
    0x08001374   0x08001374   0x00000002   Code   RO         3202    i.LLCC68OnTxTimeout  main.o
    0x08001376   0x08001376   0x0000004a   Code   RO         3672    i.LLCC68ReadBuffer  radio.o
    0x080013c0   0x080013c0   0x0000004c   Code   RO         3673    i.LLCC68ReadCommand  radio.o
    0x0800140c   0x0800140c   0x00000014   Code   RO         3674    i.LLCC68ReadRegister  radio.o
    0x08001420   0x08001420   0x00000050   Code   RO         3675    i.LLCC68ReadRegisters  radio.o
    0x08001470   0x08001470   0x00000054   Code   RO         4365    i.LLCC68Reset       llcc68stm32f103-board.o
    0x080014c4   0x080014c4   0x00000018   Code   RO         4366    i.LLCC68RxTimerStart  llcc68stm32f103-board.o
    0x080014dc   0x080014dc   0x0000000c   Code   RO         4367    i.LLCC68RxTimerStop  llcc68stm32f103-board.o
    0x080014e8   0x080014e8   0x00000018   Code   RO         4016    i.LLCC68SendPayload  llcc68.o
    0x08001500   0x08001500   0x0000001a   Code   RO         4017    i.LLCC68SetBufferBaseAddress  llcc68.o
    0x0800151a   0x0800151a   0x00000014   Code   RO         4018    i.LLCC68SetCad      llcc68.o
    0x0800152e   0x0800152e   0x0000002a   Code   RO         4020    i.LLCC68SetCrcPolynomial  llcc68.o
    0x08001558   0x08001558   0x0000002a   Code   RO         4021    i.LLCC68SetCrcSeed  llcc68.o
    0x08001582   0x08001582   0x0000000e   Code   RO         4022    i.LLCC68SetDio2AsRfSwitchCtrl  llcc68.o
    0x08001590   0x08001590   0x0000004a   Code   RO         4024    i.LLCC68SetDioIrqParams  llcc68.o
    0x080015da   0x080015da   0x00000054   Code   RO         4026    i.LLCC68SetLoRaSymbNumTimeout  llcc68.o
    0x0800162e   0x0800162e   0x00000002   PAD
    0x08001630   0x08001630   0x000000b0   Code   RO         4027    i.LLCC68SetModulationParams  llcc68.o
    0x080016e0   0x080016e0   0x00000020   Code   RO         4368    i.LLCC68SetNss      llcc68stm32f103-board.o
    0x08001700   0x08001700   0x0000000c   Code   RO         3676    i.LLCC68SetOperatingMode  radio.o
    0x0800170c   0x0800170c   0x00000026   Code   RO         4028    i.LLCC68SetPaConfig  llcc68.o
    0x08001732   0x08001732   0x00000002   PAD
    0x08001734   0x08001734   0x000000e8   Code   RO         4029    i.LLCC68SetPacketParams  llcc68.o
    0x0800181c   0x0800181c   0x0000001c   Code   RO         4030    i.LLCC68SetPacketType  llcc68.o
    0x08001838   0x08001838   0x00000012   Code   RO         4031    i.LLCC68SetPayload  llcc68.o
    0x0800184a   0x0800184a   0x0000000e   Code   RO         4032    i.LLCC68SetRegulatorMode  llcc68.o
    0x08001858   0x08001858   0x00000048   Code   RO         4033    i.LLCC68SetRfFrequency  llcc68.o
    0x080018a0   0x080018a0   0x0000000e   Code   RO         3677    i.LLCC68SetRfTxPower  radio.o
    0x080018ae   0x080018ae   0x00000028   Code   RO         4034    i.LLCC68SetRx       llcc68.o
    0x080018d6   0x080018d6   0x00000032   Code   RO         4035    i.LLCC68SetRxBoosted  llcc68.o
    0x08001908   0x08001908   0x0000003c   Code   RO         4036    i.LLCC68SetRxDutyCycle  llcc68.o
    0x08001944   0x08001944   0x0000000c   Code   RO         4369    i.LLCC68SetRxTimerValue  llcc68stm32f103-board.o
    0x08001950   0x08001950   0x00000040   Code   RO         4038    i.LLCC68SetSleep    llcc68.o
    0x08001990   0x08001990   0x00000022   Code   RO         4039    i.LLCC68SetStandby  llcc68.o
    0x080019b2   0x080019b2   0x0000000e   Code   RO         4040    i.LLCC68SetStopRxTimerOnPreambleDetect  llcc68.o
    0x080019c0   0x080019c0   0x00000014   Code   RO         4041    i.LLCC68SetSyncWord  llcc68.o
    0x080019d4   0x080019d4   0x00000028   Code   RO         4042    i.LLCC68SetTx       llcc68.o
    0x080019fc   0x080019fc   0x00000014   Code   RO         4043    i.LLCC68SetTxContinuousWave  llcc68.o
    0x08001a10   0x08001a10   0x0000008a   Code   RO         4045    i.LLCC68SetTxParams  llcc68.o
    0x08001a9a   0x08001a9a   0x00000002   PAD
    0x08001a9c   0x08001a9c   0x0000000c   Code   RO         4370    i.LLCC68SetTxTimerValue  llcc68stm32f103-board.o
    0x08001aa8   0x08001aa8   0x0000003a   Code   RO         4046    i.LLCC68SetWhiteningSeed  llcc68.o
    0x08001ae2   0x08001ae2   0x0000000c   Code   RO         4371    i.LLCC68SpiInOut    llcc68stm32f103-board.o
    0x08001aee   0x08001aee   0x00000002   PAD
    0x08001af0   0x08001af0   0x00000088   Code   RO         4372    i.LLCC68TimerInit   llcc68stm32f103-board.o
    0x08001b78   0x08001b78   0x00000018   Code   RO         4373    i.LLCC68TxTimerStart  llcc68stm32f103-board.o
    0x08001b90   0x08001b90   0x0000000c   Code   RO         4374    i.LLCC68TxTimerStop  llcc68stm32f103-board.o
    0x08001b9c   0x08001b9c   0x0000002c   Code   RO         4375    i.LLCC68WaitOnBusy  llcc68stm32f103-board.o
    0x08001bc8   0x08001bc8   0x00000026   Code   RO         3678    i.LLCC68Wakeup      radio.o
    0x08001bee   0x08001bee   0x00000042   Code   RO         3679    i.LLCC68WriteBuffer  radio.o
    0x08001c30   0x08001c30   0x00000040   Code   RO         3680    i.LLCC68WriteCommand  radio.o
    0x08001c70   0x08001c70   0x00000010   Code   RO         3681    i.LLCC68WriteRegister  radio.o
    0x08001c80   0x08001c80   0x00000048   Code   RO         3682    i.LLCC68WriteRegisters  radio.o
    0x08001cc8   0x08001cc8   0x000000c4   Code   RO         3381    i.Loading_LED       led.o
    0x08001d8c   0x08001d8c   0x00000004   Code   RO         3310    i.MemManage_Handler  stm32f10x_it.o
    0x08001d90   0x08001d90   0x00000002   Code   RO         3311    i.NMI_Handler       stm32f10x_it.o
    0x08001d92   0x08001d92   0x00000002   PAD
    0x08001d94   0x08001d94   0x00000070   Code   RO          137    i.NVIC_Init         misc.o
    0x08001e04   0x08001e04   0x0000002a   Code   RO         3464    i.OLED_Clear        oled.o
    0x08001e2e   0x08001e2e   0x00000002   PAD
    0x08001e30   0x08001e30   0x0000004c   Code   RO         3465    i.OLED_I2C_Init     oled.o
    0x08001e7c   0x08001e7c   0x00000050   Code   RO         3466    i.OLED_I2C_SendByte  oled.o
    0x08001ecc   0x08001ecc   0x00000030   Code   RO         3467    i.OLED_I2C_Start    oled.o
    0x08001efc   0x08001efc   0x00000028   Code   RO         3468    i.OLED_I2C_Stop     oled.o
    0x08001f24   0x08001f24   0x000000ae   Code   RO         3469    i.OLED_Init         oled.o
    0x08001fd2   0x08001fd2   0x00000022   Code   RO         3471    i.OLED_SetCursor    oled.o
    0x08001ff4   0x08001ff4   0x00000074   Code   RO         3473    i.OLED_ShowChar     oled.o
    0x08002068   0x08002068   0x00000028   Code   RO         3477    i.OLED_ShowString   oled.o
    0x08002090   0x08002090   0x00000020   Code   RO         3478    i.OLED_WriteCommand  oled.o
    0x080020b0   0x080020b0   0x00000020   Code   RO         3479    i.OLED_WriteData    oled.o
    0x080020d0   0x080020d0   0x00000002   Code   RO         3312    i.PendSV_Handler    stm32f10x_it.o
    0x080020d2   0x080020d2   0x00000002   PAD
    0x080020d4   0x080020d4   0x00000020   Code   RO         1775    i.RCC_APB1PeriphClockCmd  stm32f10x_rcc.o
    0x080020f4   0x080020f4   0x00000020   Code   RO         1777    i.RCC_APB2PeriphClockCmd  stm32f10x_rcc.o
    0x08002114   0x08002114   0x00000006   Code   RO         3683    i.RadioCheckRfFrequency  radio.o
    0x0800211a   0x0800211a   0x00000002   PAD
    0x0800211c   0x0800211c   0x0000003c   Code   RO         3684    i.RadioGetFskBandwidthRegValue  radio.o
    0x08002158   0x08002158   0x00000036   Code   RO         3685    i.RadioGetGfskTimeOnAirNumerator  radio.o
    0x0800218e   0x0800218e   0x00000002   PAD
    0x08002190   0x08002190   0x00000060   Code   RO         3686    i.RadioGetLoRaBandwidthInHz  radio.o
    0x080021f0   0x080021f0   0x000000b2   Code   RO         3687    i.RadioGetLoRaTimeOnAirNumerator  radio.o
    0x080022a2   0x080022a2   0x00000024   Code   RO         3688    i.RadioGetStatus    radio.o
    0x080022c6   0x080022c6   0x0000000a   Code   RO         3689    i.RadioGetWakeupTime  radio.o
    0x080022d0   0x080022d0   0x00000054   Code   RO         3690    i.RadioInit         radio.o
    0x08002324   0x08002324   0x000001b0   Code   RO         3691    i.RadioIrqProcess   radio.o
    0x080024d4   0x080024d4   0x00000088   Code   RO         3692    i.RadioIsChannelFree  radio.o
    0x0800255c   0x0800255c   0x0000000c   Code   RO         3693    i.RadioOnDioIrq     radio.o
    0x08002568   0x08002568   0x00000020   Code   RO         3694    i.RadioOnRxTimeoutIrq  radio.o
    0x08002588   0x08002588   0x00000020   Code   RO         3695    i.RadioOnTxTimeoutIrq  radio.o
    0x080025a8   0x080025a8   0x00000020   Code   RO         3696    i.RadioRandom       radio.o
    0x080025c8   0x080025c8   0x0000000c   Code   RO         3697    i.RadioRead         radio.o
    0x080025d4   0x080025d4   0x00000014   Code   RO         3698    i.RadioReadBuffer   radio.o
    0x080025e8   0x080025e8   0x0000000a   Code   RO         3699    i.RadioRssi         radio.o
    0x080025f2   0x080025f2   0x00000002   PAD
    0x080025f4   0x080025f4   0x00000044   Code   RO         3700    i.RadioRx           radio.o
    0x08002638   0x08002638   0x00000044   Code   RO         3701    i.RadioRxBoosted    radio.o
    0x0800267c   0x0800267c   0x0000004c   Code   RO         3702    i.RadioSend         radio.o
    0x080026c8   0x080026c8   0x0000000c   Code   RO         3703    i.RadioSetChannel   radio.o
    0x080026d4   0x080026d4   0x00000038   Code   RO         3704    i.RadioSetMaxPayloadLength  radio.o
    0x0800270c   0x0800270c   0x00000044   Code   RO         3705    i.RadioSetModem     radio.o
    0x08002750   0x08002750   0x00000044   Code   RO         3706    i.RadioSetPublicNetwork  radio.o
    0x08002794   0x08002794   0x0000021c   Code   RO         3707    i.RadioSetRxConfig  radio.o
    0x080029b0   0x080029b0   0x00000010   Code   RO         3708    i.RadioSetRxDutyCycle  radio.o
    0x080029c0   0x080029c0   0x000001d4   Code   RO         3709    i.RadioSetTxConfig  radio.o
    0x08002b94   0x08002b94   0x00000030   Code   RO         3710    i.RadioSetTxContinuousWave  radio.o
    0x08002bc4   0x08002bc4   0x00000020   Code   RO         3711    i.RadioSleep        radio.o
    0x08002be4   0x08002be4   0x0000000a   Code   RO         3712    i.RadioStandby      radio.o
    0x08002bee   0x08002bee   0x00000016   Code   RO         3713    i.RadioStartCad     radio.o
    0x08002c04   0x08002c04   0x0000007c   Code   RO         3714    i.RadioTimeOnAir    radio.o
    0x08002c80   0x08002c80   0x00000010   Code   RO         3715    i.RadioWrite        radio.o
    0x08002c90   0x08002c90   0x00000014   Code   RO         3716    i.RadioWriteBuffer  radio.o
    0x08002ca4   0x08002ca4   0x000000c4   Code   RO         3383    i.Receiving_LED     led.o
    0x08002d68   0x08002d68   0x00000018   Code   RO         2263    i.SPI_Cmd           stm32f10x_spi.o
    0x08002d80   0x08002d80   0x00000012   Code   RO         2271    i.SPI_I2S_GetFlagStatus  stm32f10x_spi.o
    0x08002d92   0x08002d92   0x00000006   Code   RO         2274    i.SPI_I2S_ReceiveData  stm32f10x_spi.o
    0x08002d98   0x08002d98   0x00000004   Code   RO         2275    i.SPI_I2S_SendData  stm32f10x_spi.o
    0x08002d9c   0x08002d9c   0x0000003c   Code   RO         2276    i.SPI_Init          stm32f10x_spi.o
    0x08002dd8   0x08002dd8   0x00000002   Code   RO         3313    i.SVC_Handler       stm32f10x_it.o
    0x08002dda   0x08002dda   0x00000002   PAD
    0x08002ddc   0x08002ddc   0x000000c4   Code   RO         3385    i.Sending_LED       led.o
    0x08002ea0   0x08002ea0   0x00000008   Code   RO           24    i.SetSysClock       system_stm32f10x.o
    0x08002ea8   0x08002ea8   0x000000e0   Code   RO           25    i.SetSysClockTo72   system_stm32f10x.o
    0x08002f88   0x08002f88   0x000000ac   Code   RO         4299    i.Spi1Init          hal_spi.o
    0x08003034   0x08003034   0x00000054   Code   RO         3572    i.SysTick_Config    delay.o
    0x08003088   0x08003088   0x00000002   Code   RO         3314    i.SysTick_Handler   stm32f10x_it.o
    0x0800308a   0x0800308a   0x00000002   PAD
    0x0800308c   0x0800308c   0x00000060   Code   RO           27    i.SystemInit        system_stm32f10x.o
    0x080030ec   0x080030ec   0x000000c0   Code   RO         4376    i.TIM3_IRQHandler   llcc68stm32f103-board.o
    0x080031ac   0x080031ac   0x00000006   Code   RO         2416    i.TIM_ClearITPendingBit  stm32f10x_tim.o
    0x080031b2   0x080031b2   0x00000018   Code   RO         2421    i.TIM_Cmd           stm32f10x_tim.o
    0x080031ca   0x080031ca   0x00000022   Code   RO         2442    i.TIM_GetITStatus   stm32f10x_tim.o
    0x080031ec   0x080031ec   0x00000012   Code   RO         2446    i.TIM_ITConfig      stm32f10x_tim.o
    0x080031fe   0x080031fe   0x00000002   PAD
    0x08003200   0x08003200   0x000000a4   Code   RO         2492    i.TIM_TimeBaseInit  stm32f10x_tim.o
    0x080032a4   0x080032a4   0x0000003c   Code   RO         3386    i.Testing_LED_Init  led.o
    0x080032e0   0x080032e0   0x0000002c   Code   RO         4323    i.USART2_IRQHandler  hal_uart.o
    0x0800330c   0x0800330c   0x00000012   Code   RO         2956    i.USART_ClearFlag   stm32f10x_usart.o
    0x0800331e   0x0800331e   0x0000001a   Code   RO         2963    i.USART_GetFlagStatus  stm32f10x_usart.o
    0x08003338   0x08003338   0x0000000a   Code   RO         2974    i.USART_ReceiveData  stm32f10x_usart.o
    0x08003342   0x08003342   0x00000008   Code   RO         2977    i.USART_SendData    stm32f10x_usart.o
    0x0800334a   0x0800334a   0x00000004   Code   RO         3315    i.UsageFault_Handler  stm32f10x_it.o
    0x0800334e   0x0800334e   0x00000004   Code   RO         4324    i._sys_exit         hal_uart.o
    0x08003352   0x08003352   0x00000002   PAD
    0x08003354   0x08003354   0x00000048   Code   RO         3573    i.delay_ms          delay.o
    0x0800339c   0x0800339c   0x00000018   Code   RO         3574    i.delay_s           delay.o
    0x080033b4   0x080033b4   0x00000048   Code   RO         3575    i.delay_us          delay.o
    0x080033fc   0x080033fc   0x00000170   Code   RO         3204    i.main              main.o
    0x0800356c   0x0800356c   0x000005f0   Data   RO         3480    .constdata          oled.o
    0x08003b5c   0x08003b5c   0x0000011f   Data   RO         3718    .constdata          radio.o
    0x08003c7b   0x08003c7b   0x00000001   PAD
    0x08003c7c   0x08003c7c   0x00000020   Data   RO         4703    Region$$Table       anon$$obj.o


    Execution Region RW_IRAM1 (Exec base: 0x20000000, Load base: 0x08003c9c, Size: 0x00000880, Max: 0x00005000, ABSOLUTE)

    Exec Addr    Load Addr    Size         Type   Attr      Idx    E Section Name        Object

    0x20000000   0x08003c9c   0x00000014   Data   RW           28    .data               system_stm32f10x.o
    0x20000014   0x08003cb0   0x00000006   Data   RW         3206    .data               main.o
    0x2000001a   0x08003cb6   0x00000002   PAD
    0x2000001c   0x08003cb8   0x00000015   Data   RW         3719    .data               radio.o
    0x20000031   0x08003ccd   0x00000003   PAD
    0x20000034   0x08003cd0   0x00000009   Data   RW         4047    .data               llcc68.o
    0x2000003d   0x08003cd9   0x00000003   PAD
    0x20000040   0x08003cdc   0x00000008   Data   RW         4378    .data               llcc68stm32f103-board.o
    0x20000048        -       0x0000006c   Zero   RW         3205    .bss                main.o
    0x200000b4        -       0x00000150   Zero   RW         3717    .bss                radio.o
    0x20000204        -       0x00000018   Zero   RW         4377    .bss                llcc68stm32f103-board.o
    0x2000021c        -       0x00000060   Zero   RW         4581    .bss                c_w.l(libspace.o)
    0x2000027c   0x08003ce4   0x00000004   PAD
    0x20000280        -       0x00000200   Zero   RW            2    HEAP                startup_stm32f10x_md.o
    0x20000480        -       0x00000400   Zero   RW            1    STACK               startup_stm32f10x_md.o


==============================================================================

Image component sizes


      Code (inc. data)   RO Data    RW Data    ZI Data      Debug   Object Name

         0          0          0          0          0       4508   core_cm3.o
       252         22          0          0          0      17223   delay.o
       312         16          0          0          0       2509   dht11.o
       260         16          0          0          0       1250   hal_spi.o
        48          4          0          0          0        896   hal_uart.o
        80         14          0          0          0        479   key.o
      1116         40          0          0          0       3459   led.o
      2132         68          0          9          0      22384   llcc68.o
       848        114          0          8         24       9215   llcc68stm32f103-board.o
      1150        270          0          6        108      14402   main.o
       112         12          0          0          0     206468   misc.o
       714         26       1520          0          0       6343   oled.o
      3522        188        287         21        336      33810   radio.o
        64         26        236          0       1536        836   startup_stm32f10x_md.o
         0          0          0          0          0       1668   stm32f10x_adc.o
       160         12          0          0          0       3561   stm32f10x_exti.o
       522         10          0          0          0      13808   stm32f10x_gpio.o
        26          0          0          0          0       3830   stm32f10x_it.o
        64         12          0          0          0       1090   stm32f10x_rcc.o
       112          0          0          0          0      10554   stm32f10x_spi.o
       246         42          0          0          0      23714   stm32f10x_tim.o
        62          0          0          0          0       9581   stm32f10x_usart.o
       328         28          0         20          0      37737   system_stm32f10x.o

    ----------------------------------------------------------------------
     12164        920       2076         72       2004     429325   Object Totals
         0          0         32          0          0          0   (incl. Generated)
        34          0          1          8          0          0   (incl. Padding)

    ----------------------------------------------------------------------

      Code (inc. data)   RO Data    RW Data    ZI Data      Debug   Library Member Name

         8          0          0          0          0         68   __main.o
       104          0          0          0          0         84   __printf.o
         0          0          0          0          0          0   __rtentry.o
        12          0          0          0          0          0   __rtentry2.o
         6          0          0          0          0          0   __rtentry4.o
        52          8          0          0          0          0   __scatter.o
        26          0          0          0          0          0   __scatter_copy.o
        28          0          0          0          0          0   __scatter_zi.o
        44          0          0          0          0        108   _printf_char.o
        48          6          0          0          0         96   _printf_char_common.o
         6          0          0          0          0          0   _printf_d.o
       120         16          0          0          0         92   _printf_dec.o
       178          0          0          0          0         88   _printf_intcommon.o
         0          0          0          0          0          0   _printf_percent.o
         4          0          0          0          0          0   _printf_percent_end.o
         6          0          0          0          0          0   _printf_s.o
        82          0          0          0          0         80   _printf_str.o
        16          0          0          0          0         68   _snputc.o
        10          0          0          0          0         68   _sputc.o
        18          0          0          0          0         80   exit.o
         6          0          0          0          0        152   heapauxi.o
         2          0          0          0          0          0   libinit.o
         2          0          0          0          0          0   libinit2.o
         2          0          0          0          0          0   libshutdown.o
         2          0          0          0          0          0   libshutdown2.o
         8          4          0          0         96         68   libspace.o
        52          4          0          0          0         84   noretval__2snprintf.o
        40          6          0          0          0         84   noretval__2sprintf.o
        68          0          0          0          0         68   rt_memclr.o
        78          0          0          0          0         80   rt_memclr_w.o
         2          0          0          0          0          0   rtexit.o
        10          0          0          0          0          0   rtexit2.o
        62          0          0          0          0         76   strlen.o
        86          0          0          0          0         76   strncpy.o
        74          0          0          0          0         80   sys_stackheap_outer.o
         2          0          0          0          0         68   use_no_semi.o
         2          0          0          0          0         68   use_no_semi_2.o

    ----------------------------------------------------------------------
      1276         44          0          0        100       1736   Library Totals
        10          0          0          0          4          0   (incl. Padding)

    ----------------------------------------------------------------------

      Code (inc. data)   RO Data    RW Data    ZI Data      Debug   Library Name

      1266         44          0          0         96       1736   c_w.l

    ----------------------------------------------------------------------
      1276         44          0          0        100       1736   Library Totals

    ----------------------------------------------------------------------

==============================================================================


      Code (inc. data)   RO Data    RW Data    ZI Data      Debug   

     13440        964       2076         72       2104     420917   Grand Totals
     13440        964       2076         72       2104     420917   ELF Image Totals
     13440        964       2076         72          0          0   ROM Totals

==============================================================================

    Total RO  Size (Code + RO Data)                15516 (  15.15kB)
    Total RW  Size (RW Data + ZI Data)              2176 (   2.13kB)
    Total ROM Size (Code + RO Data + RW Data)      15588 (  15.22kB)

==============================================================================

